<html>
<body>
<pre>
<h1>µVision Build Log</h1>
<h2>Tool Versions:</h2>
IDE-Version: ÂµVision V5.14.0.0
Copyright (C) 2015 ARM Ltd and ARM Germany GmbH. All rights reserved.
License Information: ali amigh, mrdepp, LIC=3UUHL-0YN2V-15STV-PWKZT-0RQ7H-UEX8B
 
Tool Versions:
Toolchain:       MDK-ARM Professional  Version: 5.14.0.0
Toolchain Path:  d:\Keil_v5\ARM\ARMCC\Bin
C Compiler:      Armcc.exe V5.05 update 1 (build 106)
Assembler:       Armasm.exe V5.05 update 1 (build 106)
Linker/Locator:  ArmLink.exe V5.05 update 1 (build 106)
Library Manager: ArmAr.exe V5.05 update 1 (build 106)
Hex Converter:   FromElf.exe V5.05 update 1 (build 106)
CPU DLL:         SARMCM3.DLL V5.14.0.0
Dialog DLL:      DARMCM1.DLL V1.12.0.0
Target DLL:      Segger\JL2CM3.dll V2.99.13.0
Dialog DLL:      TARMCM1.DLL V1.9.0.0
 
<h2>Project:</h2>
F:\amoozesh\PROJECT\hardtech\Bemine-neo\MDK-ARM\Bemine-neo.uvprojx
Project File Date:  03/12/2019

<h2>Output:</h2>
Build target 'Bemine-neo'
compiling main.c...
../Src/main.c(130): warning:  #177-D: variable "i" was declared but never referenced
  int i=0; 
../Src/main.c(137): warning:  #177-D: variable "x" was declared but never referenced
        double x=0;
../Src/main.c(267): warning:  #177-D: variable "x" was declared but never referenced
        double x;
../Src/main.c: 3 warnings, 0 errors
linking...
Program Size: Code=14100 RO-data=308 RW-data=436 ZI-data=2756  
FromELF: creating hex file...
"Bemine-neo\Bemine-neo.axf" - 0 Error(s), 3 Warning(s).

<h2>Software Packages used:</h2>

Package Vendor: ARM
                http://www.keil.com/pack/ARM.CMSIS.4.2.0.pack
                ARM::CMSIS:CORE:3.40.0
                CMSIS (Cortex Microcontroller Software Interface Standard)
   * Component: CORE Version: 3.40.0

<h2>Collection of Component include folders:</h2>
  F:\amoozesh\PROJECT\hardtech\Bemine-neo\MDK-ARM\RTE
  d:\Keil_v5\ARM\PACK\ARM\CMSIS\4.2.0\CMSIS\Include
  d:\Keil_v5\ARM\PACK\Keil\STM32F0xx_DFP\2.0.0

<h2>Collection of Component Files used:</h2>

   * Component: ARM::CMSIS:CORE:3.40.0
      Source file:   CMSIS\UserCodeTemplates\ARM\ITM_Retarget.c
</pre>
</body>
</html>
