Component: ARM Compiler 5.05 update 1 (build 106) Tool: armlink [4d0efa]

==============================================================================

Section Cross References

    startup_stm32f030x6.o(RESET) refers to startup_stm32f030x6.o(STACK) for __initial_sp
    startup_stm32f030x6.o(RESET) refers to startup_stm32f030x6.o(.text) for Reset_Handler
    startup_stm32f030x6.o(RESET) refers to stm32f0xx_it.o(i.NMI_Handler) for NMI_Handler
    startup_stm32f030x6.o(RESET) refers to stm32f0xx_it.o(i.HardFault_Handler) for HardFault_Handler
    startup_stm32f030x6.o(RESET) refers to stm32f0xx_it.o(i.SVC_Handler) for SVC_Handler
    startup_stm32f030x6.o(RESET) refers to stm32f0xx_it.o(i.PendSV_Handler) for PendSV_Handler
    startup_stm32f030x6.o(RESET) refers to stm32f0xx_it.o(i.SysTick_Handler) for SysTick_Handler
    startup_stm32f030x6.o(RESET) refers to stm32f0xx_it.o(i.USART1_IRQHandler) for USART1_IRQHandler
    startup_stm32f030x6.o(.text) refers to system_stm32f0xx.o(i.SystemInit) for SystemInit
    startup_stm32f030x6.o(.text) refers to entry.o(.ARM.Collect$$$$00000000) for __main
    segger_rtt.o(i.SEGGER_RTT_ConfigDownBuffer) refers to segger_rtt.o(.data) for .data
    segger_rtt.o(i.SEGGER_RTT_ConfigUpBuffer) refers to segger_rtt.o(.data) for .data
    segger_rtt.o(i.SEGGER_RTT_GetKey) refers to segger_rtt.o(i.SEGGER_RTT_Read) for SEGGER_RTT_Read
    segger_rtt.o(i.SEGGER_RTT_HasKey) refers to segger_rtt.o(.data) for .data
    segger_rtt.o(i.SEGGER_RTT_Read) refers to memcpya.o(.text) for __aeabi_memcpy
    segger_rtt.o(i.SEGGER_RTT_Read) refers to segger_rtt.o(.data) for .data
    segger_rtt.o(i.SEGGER_RTT_SetTerminal) refers to segger_rtt.o(i.SEGGER_RTT_Write) for SEGGER_RTT_Write
    segger_rtt.o(i.SEGGER_RTT_SetTerminal) refers to segger_rtt.o(.data) for .data
    segger_rtt.o(i.SEGGER_RTT_TerminalOut) refers to segger_rtt.o(i.SEGGER_RTT_Write) for SEGGER_RTT_Write
    segger_rtt.o(i.SEGGER_RTT_TerminalOut) refers to segger_rtt.o(i.SEGGER_RTT_WriteString) for SEGGER_RTT_WriteString
    segger_rtt.o(i.SEGGER_RTT_TerminalOut) refers to segger_rtt.o(.data) for .data
    segger_rtt.o(i.SEGGER_RTT_WaitKey) refers to segger_rtt.o(i.SEGGER_RTT_GetKey) for SEGGER_RTT_GetKey
    segger_rtt.o(i.SEGGER_RTT_Write) refers to memcpya.o(.text) for __aeabi_memcpy
    segger_rtt.o(i.SEGGER_RTT_Write) refers to segger_rtt.o(.data) for .data
    segger_rtt.o(i.SEGGER_RTT_WriteString) refers to segger_rtt.o(i.SEGGER_RTT_Write) for SEGGER_RTT_Write
    segger_rtt.o(.data) refers to segger_rtt.o(.conststring) for .conststring
    segger_rtt.o(.data) refers to segger_rtt.o(.bss) for _acUpBuffer
    segger_rtt.o(.data) refers to segger_rtt.o(.bss) for _acDownBuffer
    segger_rtt_printf.o(i.SEGGER_RTT_printf) refers to segger_rtt_printf.o(i.SEGGER_RTT_vprintf) for SEGGER_RTT_vprintf
    segger_rtt_printf.o(i.SEGGER_RTT_vprintf) refers to segger_rtt_printf.o(i._StoreChar) for _StoreChar
    segger_rtt_printf.o(i.SEGGER_RTT_vprintf) refers to segger_rtt_printf.o(i._PrintInt) for _PrintInt
    segger_rtt_printf.o(i.SEGGER_RTT_vprintf) refers to segger_rtt_printf.o(i._PrintUnsigned) for _PrintUnsigned
    segger_rtt_printf.o(i.SEGGER_RTT_vprintf) refers to segger_rtt.o(i.SEGGER_RTT_Write) for SEGGER_RTT_Write
    segger_rtt_printf.o(i._PrintInt) refers to uidiv.o(.text) for __aeabi_uidivmod
    segger_rtt_printf.o(i._PrintInt) refers to segger_rtt_printf.o(i._StoreChar) for _StoreChar
    segger_rtt_printf.o(i._PrintInt) refers to segger_rtt_printf.o(i._PrintUnsigned) for _PrintUnsigned
    segger_rtt_printf.o(i._PrintUnsigned) refers to uidiv.o(.text) for __aeabi_uidivmod
    segger_rtt_printf.o(i._PrintUnsigned) refers to segger_rtt_printf.o(i._StoreChar) for _StoreChar
    segger_rtt_printf.o(i._PrintUnsigned) refers to segger_rtt_printf.o(.constdata) for .constdata
    segger_rtt_printf.o(i._StoreChar) refers to segger_rtt.o(i.SEGGER_RTT_Write) for SEGGER_RTT_Write
    main.o(i.SystemClock_Config) refers to memseta.o(.text) for __aeabi_memclr4
    main.o(i.SystemClock_Config) refers to stm32f0xx_hal_rcc.o(i.HAL_RCC_OscConfig) for HAL_RCC_OscConfig
    main.o(i.SystemClock_Config) refers to stm32f0xx_hal_rcc.o(i.HAL_RCC_ClockConfig) for HAL_RCC_ClockConfig
    main.o(i.SystemClock_Config) refers to stm32f0xx_hal_rcc_ex.o(i.HAL_RCCEx_PeriphCLKConfig) for HAL_RCCEx_PeriphCLKConfig
    main.o(i.checkpower) refers to stm32f0xx_hal.o(i.HAL_Delay) for HAL_Delay
    main.o(i.checkpower) refers to segger_rtt.o(i.SEGGER_RTT_WriteString) for SEGGER_RTT_WriteString
    main.o(i.find) refers to strlen.o(.text) for strlen
    main.o(i.find) refers to segger_rtt.o(i.SEGGER_RTT_WriteString) for SEGGER_RTT_WriteString
    main.o(i.init_gsm) refers to usart.o(i.CHANGE_UART_PINS) for CHANGE_UART_PINS
    main.o(i.init_gsm) refers to main.o(i.checkpower) for checkpower
    main.o(i.init_gsm) refers to main.o(i.send) for send
    main.o(i.init_gsm) refers to main.o(i.respons) for respons
[...]
    Removing stm32f0xx_hal_uart.o(i.HAL_HalfDuplex_Init), (108 bytes).
    Removing stm32f0xx_hal_uart.o(i.HAL_MultiProcessor_DisableMuteMode), (46 bytes).
    Removing stm32f0xx_hal_uart.o(i.HAL_MultiProcessor_EnableMuteMode), (46 bytes).
    Removing stm32f0xx_hal_uart.o(i.HAL_MultiProcessor_EnterMuteMode), (12 bytes).
    Removing stm32f0xx_hal_uart.o(i.HAL_MultiProcessor_Init), (140 bytes).
    Removing stm32f0xx_hal_uart.o(i.HAL_UART_Abort), (120 bytes).
    Removing stm32f0xx_hal_uart.o(i.HAL_UART_AbortCpltCallback), (2 bytes).
    Removing stm32f0xx_hal_uart.o(i.HAL_UART_AbortReceive), (80 bytes).
    Removing stm32f0xx_hal_uart.o(i.HAL_UART_AbortReceiveCpltCallback), (2 bytes).
    Removing stm32f0xx_hal_uart.o(i.HAL_UART_AbortReceive_IT), (116 bytes).
    Removing stm32f0xx_hal_uart.o(i.HAL_UART_AbortTransmit), (62 bytes).
    Removing stm32f0xx_hal_uart.o(i.HAL_UART_AbortTransmitCpltCallback), (2 bytes).
    Removing stm32f0xx_hal_uart.o(i.HAL_UART_AbortTransmit_IT), (92 bytes).
    Removing stm32f0xx_hal_uart.o(i.HAL_UART_Abort_IT), (196 bytes).
    Removing stm32f0xx_hal_uart.o(i.HAL_UART_DMAPause), (94 bytes).
    Removing stm32f0xx_hal_uart.o(i.HAL_UART_DMAResume), (86 bytes).
    Removing stm32f0xx_hal_uart.o(i.HAL_UART_DMAStop), (88 bytes).
    Removing stm32f0xx_hal_uart.o(i.HAL_UART_GetError), (4 bytes).
    Removing stm32f0xx_hal_uart.o(i.HAL_UART_GetState), (12 bytes).
    Removing stm32f0xx_hal_uart.o(i.HAL_UART_MspDeInit), (2 bytes).
    Removing stm32f0xx_hal_uart.o(i.HAL_UART_MspInit), (2 bytes).
    Removing stm32f0xx_hal_uart.o(i.HAL_UART_Receive), (228 bytes).
    Removing stm32f0xx_hal_uart.o(i.HAL_UART_Receive_DMA), (164 bytes).
    Removing stm32f0xx_hal_uart.o(i.HAL_UART_RxCpltCallback), (2 bytes).
    Removing stm32f0xx_hal_uart.o(i.HAL_UART_RxHalfCpltCallback), (2 bytes).
    Removing stm32f0xx_hal_uart.o(i.HAL_UART_Transmit_DMA), (152 bytes).
    Removing stm32f0xx_hal_uart.o(i.HAL_UART_Transmit_IT), (88 bytes).
    Removing stm32f0xx_hal_uart.o(i.HAL_UART_TxCpltCallback), (2 bytes).
    Removing stm32f0xx_hal_uart.o(i.HAL_UART_TxHalfCpltCallback), (2 bytes).
    Removing stm32f0xx_hal_uart.o(i.UART_DMAError), (74 bytes).
    Removing stm32f0xx_hal_uart.o(i.UART_DMAReceiveCplt), (64 bytes).
    Removing stm32f0xx_hal_uart.o(i.UART_DMARxAbortCallback), (54 bytes).
    Removing stm32f0xx_hal_uart.o(i.UART_DMARxHalfCplt), (10 bytes).
    Removing stm32f0xx_hal_uart.o(i.UART_DMARxOnlyAbortCallback), (28 bytes).
    Removing stm32f0xx_hal_uart.o(i.UART_DMATransmitCplt), (48 bytes).
    Removing stm32f0xx_hal_uart.o(i.UART_DMATxAbortCallback), (54 bytes).
    Removing stm32f0xx_hal_uart.o(i.UART_DMATxHalfCplt), (10 bytes).
    Removing stm32f0xx_hal_uart.o(i.UART_DMATxOnlyAbortCallback), (22 bytes).
    Removing stm32f0xx_hal_uart.o(i.UART_EndTxTransfer), (18 bytes).
    Removing stm32f0xx_hal_uart_ex.o(.rev16_text), (4 bytes).
    Removing stm32f0xx_hal_uart_ex.o(.revsh_text), (4 bytes).
    Removing stm32f0xx_hal_uart_ex.o(i.HAL_MultiProcessorEx_AddressLength_Set), (54 bytes).
    Removing stm32f0xx_hal_uart_ex.o(i.HAL_RS485Ex_Init), (144 bytes).
    Removing stm32f0xx_hal_rcc.o(.rev16_text), (4 bytes).
    Removing stm32f0xx_hal_rcc.o(.revsh_text), (4 bytes).
    Removing stm32f0xx_hal_rcc.o(i.HAL_RCC_CSSCallback), (2 bytes).
    Removing stm32f0xx_hal_rcc.o(i.HAL_RCC_DeInit), (76 bytes).
    Removing stm32f0xx_hal_rcc.o(i.HAL_RCC_DisableCSS), (20 bytes).
    Removing stm32f0xx_hal_rcc.o(i.HAL_RCC_EnableCSS), (20 bytes).
    Removing stm32f0xx_hal_rcc.o(i.HAL_RCC_GetClockConfig), (56 bytes).
    Removing stm32f0xx_hal_rcc.o(i.HAL_RCC_GetOscConfig), (156 bytes).
    Removing stm32f0xx_hal_rcc.o(i.HAL_RCC_MCOConfig), (80 bytes).
    Removing stm32f0xx_hal_rcc.o(i.HAL_RCC_NMI_IRQHandler), (24 bytes).
    Removing stm32f0xx_hal_rcc_ex.o(.rev16_text), (4 bytes).
    Removing stm32f0xx_hal_rcc_ex.o(.revsh_text), (4 bytes).
    Removing stm32f0xx_hal_rcc_ex.o(i.HAL_RCCEx_GetPeriphCLKConfig), (44 bytes).
    Removing stm32f0xx_hal_rcc_ex.o(i.HAL_RCCEx_GetPeriphCLKFreq), (156 bytes).
    Removing stm32f0xx_hal.o(.rev16_text), (4 bytes).
    Removing stm32f0xx_hal.o(.revsh_text), (4 bytes).
    Removing stm32f0xx_hal.o(i.HAL_DBGMCU_DisableDBGStandbyMode), (16 bytes).
    Removing stm32f0xx_hal.o(i.HAL_DBGMCU_DisableDBGStopMode), (16 bytes).
    Removing stm32f0xx_hal.o(i.HAL_DBGMCU_EnableDBGStandbyMode), (16 bytes).
    Removing stm32f0xx_hal.o(i.HAL_DBGMCU_EnableDBGStopMode), (16 bytes).
    Removing stm32f0xx_hal.o(i.HAL_DeInit), (36 bytes).
    Removing stm32f0xx_hal.o(i.HAL_GetDEVID), (16 bytes).
    Removing stm32f0xx_hal.o(i.HAL_GetHalVersion), (8 bytes).
    Removing stm32f0xx_hal.o(i.HAL_GetREVID), (12 bytes).
    Removing stm32f0xx_hal.o(i.HAL_GetUIDw0), (12 bytes).
    Removing stm32f0xx_hal.o(i.HAL_GetUIDw1), (12 bytes).
    Removing stm32f0xx_hal.o(i.HAL_GetUIDw2), (12 bytes).
    Removing stm32f0xx_hal.o(i.HAL_MspDeInit), (2 bytes).
    Removing stm32f0xx_hal.o(i.HAL_MspInit), (2 bytes).
    Removing stm32f0xx_hal.o(i.HAL_ResumeTick), (16 bytes).
    Removing stm32f0xx_hal.o(i.HAL_SuspendTick), (16 bytes).
    Removing stm32f0xx_hal_i2c.o(.rev16_text), (4 bytes).
    Removing stm32f0xx_hal_i2c.o(.revsh_text), (4 bytes).
    Removing stm32f0xx_hal_i2c.o(i.HAL_I2C_AbortCpltCallback), (2 bytes).
    Removing stm32f0xx_hal_i2c.o(i.HAL_I2C_AddrCallback), (2 bytes).
    Removing stm32f0xx_hal_i2c.o(i.HAL_I2C_DeInit), (52 bytes).
    Removing stm32f0xx_hal_i2c.o(i.HAL_I2C_DisableListen_IT), (48 bytes).
    Removing stm32f0xx_hal_i2c.o(i.HAL_I2C_ER_IRQHandler), (88 bytes).
    Removing stm32f0xx_hal_i2c.o(i.HAL_I2C_EV_IRQHandler), (16 bytes).
    Removing stm32f0xx_hal_i2c.o(i.HAL_I2C_EnableListen_IT), (40 bytes).
    Removing stm32f0xx_hal_i2c.o(i.HAL_I2C_ErrorCallback), (2 bytes).
    Removing stm32f0xx_hal_i2c.o(i.HAL_I2C_GetError), (4 bytes).
    Removing stm32f0xx_hal_i2c.o(i.HAL_I2C_GetMode), (6 bytes).
    Removing stm32f0xx_hal_i2c.o(i.HAL_I2C_GetState), (6 bytes).
    Removing stm32f0xx_hal_i2c.o(i.HAL_I2C_Init), (180 bytes).
    Removing stm32f0xx_hal_i2c.o(i.HAL_I2C_IsDeviceReady), (284 bytes).
    Removing stm32f0xx_hal_i2c.o(i.HAL_I2C_ListenCpltCallback), (2 bytes).
    Removing stm32f0xx_hal_i2c.o(i.HAL_I2C_MasterRxCpltCallback), (2 bytes).
    Removing stm32f0xx_hal_i2c.o(i.HAL_I2C_MasterTxCpltCallback), (2 bytes).
    Removing stm32f0xx_hal_i2c.o(i.HAL_I2C_Master_Abort_IT), (88 bytes).
    Removing stm32f0xx_hal_i2c.o(i.HAL_I2C_Master_Receive), (280 bytes).
    Removing stm32f0xx_hal_i2c.o(i.HAL_I2C_Master_Receive_DMA), (236 bytes).
    Removing stm32f0xx_hal_i2c.o(i.HAL_I2C_Master_Receive_IT), (124 bytes).
    Removing stm32f0xx_hal_i2c.o(i.HAL_I2C_Master_Sequential_Receive_IT), (116 bytes).
    Removing stm32f0xx_hal_i2c.o(i.HAL_I2C_Master_Sequential_Transmit_IT), (116 bytes).
    Removing stm32f0xx_hal_i2c.o(i.HAL_I2C_Master_Transmit), (280 bytes).
    Removing stm32f0xx_hal_i2c.o(i.HAL_I2C_Master_Transmit_DMA), (240 bytes).
    Removing stm32f0xx_hal_i2c.o(i.HAL_I2C_Master_Transmit_IT), (124 bytes).
    Removing stm32f0xx_hal_i2c.o(i.HAL_I2C_MemRxCpltCallback), (2 bytes).
    Removing stm32f0xx_hal_i2c.o(i.HAL_I2C_MemTxCpltCallback), (2 bytes).
    Removing stm32f0xx_hal_i2c.o(i.HAL_I2C_Mem_Read), (344 bytes).
    Removing stm32f0xx_hal_i2c.o(i.HAL_I2C_Mem_Read_DMA), (248 bytes).
    Removing stm32f0xx_hal_i2c.o(i.HAL_I2C_Mem_Read_IT), (188 bytes).
    Removing stm32f0xx_hal_i2c.o(i.HAL_I2C_Mem_Write), (340 bytes).
    Removing stm32f0xx_hal_i2c.o(i.HAL_I2C_Mem_Write_DMA), (244 bytes).
    Removing stm32f0xx_hal_i2c.o(i.HAL_I2C_Mem_Write_IT), (184 bytes).
    Removing stm32f0xx_hal_i2c.o(i.HAL_I2C_MspDeInit), (2 bytes).
    Removing stm32f0xx_hal_i2c.o(i.HAL_I2C_MspInit), (2 bytes).
    Removing stm32f0xx_hal_i2c.o(i.HAL_I2C_SlaveRxCpltCallback), (2 bytes).
    Removing stm32f0xx_hal_i2c.o(i.HAL_I2C_SlaveTxCpltCallback), (2 bytes).
    Removing stm32f0xx_hal_i2c.o(i.HAL_I2C_Slave_Receive), (292 bytes).
    Removing stm32f0xx_hal_i2c.o(i.HAL_I2C_Slave_Receive_DMA), (156 bytes).
    Removing stm32f0xx_hal_i2c.o(i.HAL_I2C_Slave_Receive_IT), (88 bytes).
    Removing stm32f0xx_hal_i2c.o(i.HAL_I2C_Slave_Sequential_Receive_IT), (144 bytes).
    Removing stm32f0xx_hal_i2c.o(i.HAL_I2C_Slave_Sequential_Transmit_IT), (144 bytes).
    Removing stm32f0xx_hal_i2c.o(i.HAL_I2C_Slave_Transmit), (300 bytes).
    Removing stm32f0xx_hal_i2c.o(i.HAL_I2C_Slave_Transmit_DMA), (156 bytes).
    Removing stm32f0xx_hal_i2c.o(i.HAL_I2C_Slave_Transmit_IT), (88 bytes).
    Removing stm32f0xx_hal_i2c.o(i.I2C_DMAAbort), (52 bytes).
    Removing stm32f0xx_hal_i2c.o(i.I2C_DMAError), (24 bytes).
    Removing stm32f0xx_hal_i2c.o(i.I2C_DMAMasterReceiveCplt), (68 bytes).
    Removing stm32f0xx_hal_i2c.o(i.I2C_DMAMasterTransmitCplt), (68 bytes).
    Removing stm32f0xx_hal_i2c.o(i.I2C_DMASlaveReceiveCplt), (2 bytes).
    Removing stm32f0xx_hal_i2c.o(i.I2C_DMASlaveTransmitCplt), (2 bytes).
    Removing stm32f0xx_hal_i2c.o(i.I2C_Disable_IRQ), (86 bytes).
    Removing stm32f0xx_hal_i2c.o(i.I2C_Enable_IRQ), (100 bytes).
    Removing stm32f0xx_hal_i2c.o(i.I2C_Flush_TXDR), (34 bytes).
    Removing stm32f0xx_hal_i2c.o(i.I2C_ITAddrCplt), (122 bytes).
    Removing stm32f0xx_hal_i2c.o(i.I2C_ITError), (204 bytes).
    Removing stm32f0xx_hal_i2c.o(i.I2C_ITListenCplt), (96 bytes).
    Removing stm32f0xx_hal_i2c.o(i.I2C_ITMasterCplt), (160 bytes).
    Removing stm32f0xx_hal_i2c.o(i.I2C_ITMasterSequentialCplt), (70 bytes).
    Removing stm32f0xx_hal_i2c.o(i.I2C_ITSlaveCplt), (232 bytes).
    Removing stm32f0xx_hal_i2c.o(i.I2C_ITSlaveSequentialCplt), (74 bytes).
    Removing stm32f0xx_hal_i2c.o(i.I2C_IsAcknowledgeFailed), (116 bytes).
    Removing stm32f0xx_hal_i2c.o(i.I2C_Master_ISR_DMA), (194 bytes).
    Removing stm32f0xx_hal_i2c.o(i.I2C_Master_ISR_IT), (296 bytes).
    Removing stm32f0xx_hal_i2c.o(i.I2C_RequestMemoryRead), (106 bytes).
    Removing stm32f0xx_hal_i2c.o(i.I2C_RequestMemoryWrite), (106 bytes).
    Removing stm32f0xx_hal_i2c.o(i.I2C_Slave_ISR_DMA), (104 bytes).
    Removing stm32f0xx_hal_i2c.o(i.I2C_Slave_ISR_IT), (280 bytes).
    Removing stm32f0xx_hal_i2c.o(i.I2C_TransferConfig), (36 bytes).
    Removing stm32f0xx_hal_i2c.o(i.I2C_WaitOnFlagUntilTimeout), (72 bytes).
    Removing stm32f0xx_hal_i2c.o(i.I2C_WaitOnRXNEFlagUntilTimeout), (120 bytes).
    Removing stm32f0xx_hal_i2c.o(i.I2C_WaitOnSTOPFlagUntilTimeout), (78 bytes).
    Removing stm32f0xx_hal_i2c.o(i.I2C_WaitOnTXISFlagUntilTimeout), (82 bytes).
    Removing stm32f0xx_hal_i2c_ex.o(.rev16_text), (4 bytes).
    Removing stm32f0xx_hal_i2c_ex.o(.revsh_text), (4 bytes).
    Removing stm32f0xx_hal_i2c_ex.o(i.HAL_I2CEx_ConfigAnalogFilter), (74 bytes).
    Removing stm32f0xx_hal_i2c_ex.o(i.HAL_I2CEx_ConfigDigitalFilter), (72 bytes).
    Removing stm32f0xx_hal_i2c_ex.o(i.HAL_I2CEx_DisableFastModePlus), (36 bytes).
    Removing stm32f0xx_hal_i2c_ex.o(i.HAL_I2CEx_EnableFastModePlus), (36 bytes).
    Removing stm32f0xx_hal_gpio.o(.rev16_text), (4 bytes).
    Removing stm32f0xx_hal_gpio.o(.revsh_text), (4 bytes).
    Removing stm32f0xx_hal_gpio.o(i.HAL_GPIO_EXTI_Callback), (2 bytes).
    Removing stm32f0xx_hal_gpio.o(i.HAL_GPIO_EXTI_IRQHandler), (24 bytes).
    Removing stm32f0xx_hal_gpio.o(i.HAL_GPIO_LockPin), (36 bytes).
    Removing stm32f0xx_hal_gpio.o(i.HAL_GPIO_ReadPin), (10 bytes).
    Removing stm32f0xx_hal_gpio.o(i.HAL_GPIO_TogglePin), (8 bytes).
    Removing stm32f0xx_hal_dma.o(.rev16_text), (4 bytes).
    Removing stm32f0xx_hal_dma.o(.revsh_text), (4 bytes).
    Removing stm32f0xx_hal_dma.o(i.DMA_CalcBaseAndBitshift), (36 bytes).
    Removing stm32f0xx_hal_dma.o(i.DMA_SetConfig), (40 bytes).
    Removing stm32f0xx_hal_dma.o(i.HAL_DMA_Abort), (44 bytes).
    Removing stm32f0xx_hal_dma.o(i.HAL_DMA_DeInit), (66 bytes).
    Removing stm32f0xx_hal_dma.o(i.HAL_DMA_GetError), (4 bytes).
    Removing stm32f0xx_hal_dma.o(i.HAL_DMA_GetState), (6 bytes).
    Removing stm32f0xx_hal_dma.o(i.HAL_DMA_IRQHandler), (156 bytes).
    Removing stm32f0xx_hal_dma.o(i.HAL_DMA_Init), (88 bytes).
    Removing stm32f0xx_hal_dma.o(i.HAL_DMA_PollForTransfer), (176 bytes).
    Removing stm32f0xx_hal_dma.o(i.HAL_DMA_RegisterCallback), (72 bytes).
    Removing stm32f0xx_hal_dma.o(i.HAL_DMA_Start), (74 bytes).
    Removing stm32f0xx_hal_dma.o(i.HAL_DMA_Start_IT), (106 bytes).
    Removing stm32f0xx_hal_dma.o(i.HAL_DMA_UnRegisterCallback), (78 bytes).
    Removing stm32f0xx_hal_cortex.o(.rev16_text), (4 bytes).
    Removing stm32f0xx_hal_cortex.o(.revsh_text), (4 bytes).
    Removing stm32f0xx_hal_cortex.o(i.HAL_NVIC_ClearPendingIRQ), (20 bytes).
    Removing stm32f0xx_hal_cortex.o(i.HAL_NVIC_GetPendingIRQ), (28 bytes).
    Removing stm32f0xx_hal_cortex.o(i.HAL_NVIC_GetPriority), (52 bytes).
    Removing stm32f0xx_hal_cortex.o(i.HAL_NVIC_SetPendingIRQ), (20 bytes).
    Removing stm32f0xx_hal_cortex.o(i.HAL_NVIC_SystemReset), (28 bytes).
    Removing stm32f0xx_hal_cortex.o(i.HAL_SYSTICK_CLKSourceConfig), (24 bytes).
    Removing stm32f0xx_hal_cortex.o(i.HAL_SYSTICK_Callback), (2 bytes).
    Removing stm32f0xx_hal_cortex.o(i.HAL_SYSTICK_IRQHandler), (8 bytes).
    Removing stm32f0xx_hal_pwr.o(.rev16_text), (4 bytes).
    Removing stm32f0xx_hal_pwr.o(.revsh_text), (4 bytes).
    Removing stm32f0xx_hal_pwr.o(i.HAL_PWR_DeInit), (24 bytes).
    Removing stm32f0xx_hal_pwr.o(i.HAL_PWR_DisableBkUpAccess), (16 bytes).
    Removing stm32f0xx_hal_pwr.o(i.HAL_PWR_DisableSEVOnPend), (16 bytes).
    Removing stm32f0xx_hal_pwr.o(i.HAL_PWR_DisableSleepOnExit), (16 bytes).
    Removing stm32f0xx_hal_pwr.o(i.HAL_PWR_DisableWakeUpPin), (16 bytes).
    Removing stm32f0xx_hal_pwr.o(i.HAL_PWR_EnableBkUpAccess), (16 bytes).
    Removing stm32f0xx_hal_pwr.o(i.HAL_PWR_EnableSEVOnPend), (16 bytes).
    Removing stm32f0xx_hal_pwr.o(i.HAL_PWR_EnableSleepOnExit), (16 bytes).
    Removing stm32f0xx_hal_pwr.o(i.HAL_PWR_EnableWakeUpPin), (16 bytes).
    Removing stm32f0xx_hal_pwr.o(i.HAL_PWR_EnterSLEEPMode), (32 bytes).
    Removing stm32f0xx_hal_pwr.o(i.HAL_PWR_EnterSTANDBYMode), (32 bytes).
    Removing stm32f0xx_hal_pwr.o(i.HAL_PWR_EnterSTOPMode), (52 bytes).
    Removing stm32f0xx_hal_pwr_ex.o(.rev16_text), (4 bytes).
    Removing stm32f0xx_hal_pwr_ex.o(.revsh_text), (4 bytes).
    Removing stm32f0xx_hal_flash.o(.rev16_text), (4 bytes).
    Removing stm32f0xx_hal_flash.o(.revsh_text), (4 bytes).
    Removing stm32f0xx_hal_flash.o(i.FLASH_Program_HalfWord), (32 bytes).
    Removing stm32f0xx_hal_flash.o(i.FLASH_SetErrorCode), (56 bytes).
    Removing stm32f0xx_hal_flash.o(i.FLASH_WaitForLastOperation), (80 bytes).
    Removing stm32f0xx_hal_flash.o(i.HAL_FLASH_EndOfOperationCallback), (2 bytes).
    Removing stm32f0xx_hal_flash.o(i.HAL_FLASH_GetError), (12 bytes).
    Removing stm32f0xx_hal_flash.o(i.HAL_FLASH_IRQHandler), (264 bytes).
    Removing stm32f0xx_hal_flash.o(i.HAL_FLASH_Lock), (20 bytes).
    Removing stm32f0xx_hal_flash.o(i.HAL_FLASH_OB_Launch), (32 bytes).
    Removing stm32f0xx_hal_flash.o(i.HAL_FLASH_OB_Lock), (20 bytes).
    Removing stm32f0xx_hal_flash.o(i.HAL_FLASH_OB_Unlock), (36 bytes).
    Removing stm32f0xx_hal_flash.o(i.HAL_FLASH_OperationErrorCallback), (2 bytes).
    Removing stm32f0xx_hal_flash.o(i.HAL_FLASH_Program), (124 bytes).
    Removing stm32f0xx_hal_flash.o(i.HAL_FLASH_Program_IT), (100 bytes).
    Removing stm32f0xx_hal_flash.o(i.HAL_FLASH_Unlock), (36 bytes).
    Removing stm32f0xx_hal_flash.o(.bss), (32 bytes).
    Removing stm32f0xx_hal_flash_ex.o(.rev16_text), (4 bytes).
    Removing stm32f0xx_hal_flash_ex.o(.revsh_text), (4 bytes).
    Removing stm32f0xx_hal_flash_ex.o(i.FLASH_MassErase), (36 bytes).
    Removing stm32f0xx_hal_flash_ex.o(i.FLASH_OB_GetRDP), (32 bytes).
    Removing stm32f0xx_hal_flash_ex.o(i.FLASH_OB_RDP_LevelConfig), (96 bytes).
    Removing stm32f0xx_hal_flash_ex.o(i.FLASH_PageErase), (36 bytes).
    Removing stm32f0xx_hal_flash_ex.o(i.HAL_FLASHEx_Erase), (160 bytes).
    Removing stm32f0xx_hal_flash_ex.o(i.HAL_FLASHEx_Erase_IT), (88 bytes).
    Removing stm32f0xx_hal_flash_ex.o(i.HAL_FLASHEx_OBErase), (80 bytes).
    Removing stm32f0xx_hal_flash_ex.o(i.HAL_FLASHEx_OBGetConfig), (36 bytes).
    Removing stm32f0xx_hal_flash_ex.o(i.HAL_FLASHEx_OBGetUserData), (28 bytes).
    Removing stm32f0xx_hal_flash_ex.o(i.HAL_FLASHEx_OBProgram), (328 bytes).
    Removing system_stm32f0xx.o(.rev16_text), (4 bytes).
    Removing system_stm32f0xx.o(.revsh_text), (4 bytes).
    Removing system_stm32f0xx.o(i.SystemCoreClockUpdate), (108 bytes).
    Removing dscalb.o(.text), (44 bytes).
    Removing cdcmple.o(.text), (40 bytes).
    Removing dsqrt.o(.text), (162 bytes).
    Removing dfltui.o(.text), (28 bytes).

354 unused section(s) (total 25085 bytes) removed from the image.

==============================================================================

Image Symbol Table

    Local Symbols

    Symbol Name                              Value     Ov Type        Size  Object(Section)

    ../Drivers/STM32F0xx_HAL_Driver/Src/stm32f0xx_hal.c 0x00000000   Number         0  stm32f0xx_hal.o ABSOLUTE
    ../Drivers/STM32F0xx_HAL_Driver/Src/stm32f0xx_hal_cortex.c 0x00000000   Number         0  stm32f0xx_hal_cortex.o ABSOLUTE
    ../Drivers/STM32F0xx_HAL_Driver/Src/stm32f0xx_hal_dma.c 0x00000000   Number         0  stm32f0xx_hal_dma.o ABSOLUTE
    ../Drivers/STM32F0xx_HAL_Driver/Src/stm32f0xx_hal_flash.c 0x00000000   Number         0  stm32f0xx_hal_flash.o ABSOLUTE
    ../Drivers/STM32F0xx_HAL_Driver/Src/stm32f0xx_hal_flash_ex.c 0x00000000   Number         0  stm32f0xx_hal_flash_ex.o ABSOLUTE
    ../Drivers/STM32F0xx_HAL_Driver/Src/stm32f0xx_hal_gpio.c 0x00000000   Number         0  stm32f0xx_hal_gpio.o ABSOLUTE
    ../Drivers/STM32F0xx_HAL_Driver/Src/stm32f0xx_hal_i2c.c 0x00000000   Number         0  stm32f0xx_hal_i2c.o ABSOLUTE
    ../Drivers/STM32F0xx_HAL_Driver/Src/stm32f0xx_hal_i2c_ex.c 0x00000000   Number         0  stm32f0xx_hal_i2c_ex.o ABSOLUTE
    ../Drivers/STM32F0xx_HAL_Driver/Src/stm32f0xx_hal_pwr.c 0x00000000   Number         0  stm32f0xx_hal_pwr.o ABSOLUTE
    ../Drivers/STM32F0xx_HAL_Driver/Src/stm32f0xx_hal_pwr_ex.c 0x00000000   Number         0  stm32f0xx_hal_pwr_ex.o ABSOLUTE
    ../Drivers/STM32F0xx_HAL_Driver/Src/stm32f0xx_hal_rcc.c 0x00000000   Number         0  stm32f0xx_hal_rcc.o ABSOLUTE
    ../Drivers/STM32F0xx_HAL_Driver/Src/stm32f0xx_hal_rcc_ex.c 0x00000000   Number         0  stm32f0xx_hal_rcc_ex.o ABSOLUTE
    ../Drivers/STM32F0xx_HAL_Driver/Src/stm32f0xx_hal_spi.c 0x00000000   Number         0  stm32f0xx_hal_spi.o ABSOLUTE
    ../Drivers/STM32F0xx_HAL_Driver/Src/stm32f0xx_hal_spi_ex.c 0x00000000   Number         0  stm32f0xx_hal_spi_ex.o ABSOLUTE
    ../Drivers/STM32F0xx_HAL_Driver/Src/stm32f0xx_hal_tim.c 0x00000000   Number         0  stm32f0xx_hal_tim.o ABSOLUTE
    ../Drivers/STM32F0xx_HAL_Driver/Src/stm32f0xx_hal_tim_ex.c 0x00000000   Number         0  stm32f0xx_hal_tim_ex.o ABSOLUTE
    ../Drivers/STM32F0xx_HAL_Driver/Src/stm32f0xx_hal_uart.c 0x00000000   Number         0  stm32f0xx_hal_uart.o ABSOLUTE
    ../Drivers/STM32F0xx_HAL_Driver/Src/stm32f0xx_hal_uart_ex.c 0x00000000   Number         0  stm32f0xx_hal_uart_ex.o ABSOLUTE
    ../Src/gpio.c                            0x00000000   Number         0  gpio.o ABSOLUTE
    ../Src/main.c                            0x00000000   Number         0  main.o ABSOLUTE
    ../Src/spi.c                             0x00000000   Number         0  spi.o ABSOLUTE
    ../Src/stm32f0xx_hal_msp.c               0x00000000   Number         0  stm32f0xx_hal_msp.o ABSOLUTE
    ../Src/stm32f0xx_it.c                    0x00000000   Number         0  stm32f0xx_it.o ABSOLUTE
    ../Src/system_stm32f0xx.c                0x00000000   Number         0  system_stm32f0xx.o ABSOLUTE
    ../Src/usart.c                           0x00000000   Number         0  usart.o ABSOLUTE
    ../clib/../cmprslib/zerorunl2.c          0x00000000   Number         0  __dczerorl2.o ABSOLUTE
    ../clib/microlib/ctype/ctype.c           0x00000000   Number         0  isspace_c.o ABSOLUTE
    ../clib/microlib/ctype/ctype.c           0x00000000   Number         0  ctype_c.o ABSOLUTE
    ../clib/microlib/division.c              0x00000000   Number         0  idiv.o ABSOLUTE
    ../clib/microlib/division.c              0x00000000   Number         0  uidiv.o ABSOLUTE
    ../clib/microlib/division.c              0x00000000   Number         0  uldiv.o ABSOLUTE
    ../clib/microlib/errno.c                 0x00000000   Number         0  errno.o ABSOLUTE
    ../clib/microlib/init/entry.s            0x00000000   Number         0  entry8b.o ABSOLUTE
    ../clib/microlib/init/entry.s            0x00000000   Number         0  entry8a.o ABSOLUTE
    ../clib/microlib/init/entry.s            0x00000000   Number         0  entry7b.o ABSOLUTE
    ../clib/microlib/init/entry.s            0x00000000   Number         0  entry7a.o ABSOLUTE
    ../clib/microlib/init/entry.s            0x00000000   Number         0  entry5.o ABSOLUTE
    ../clib/microlib/init/entry.s            0x00000000   Number         0  entry2.o ABSOLUTE
    ../clib/microlib/init/entry.s            0x00000000   Number         0  entry.o ABSOLUTE
    ../clib/microlib/init/entry.s            0x00000000   Number         0  entry11a.o ABSOLUTE
    ../clib/microlib/init/entry.s            0x00000000   Number         0  entry11b.o ABSOLUTE
    ../clib/microlib/init/entry.s            0x00000000   Number         0  entry10b.o ABSOLUTE
    ../clib/microlib/init/entry.s            0x00000000   Number         0  entry10a.o ABSOLUTE
    ../clib/microlib/init/entry.s            0x00000000   Number         0  entry9b.o ABSOLUTE
    ../clib/microlib/init/entry.s            0x00000000   Number         0  entry9a.o ABSOLUTE
    ../clib/microlib/longlong.c              0x00000000   Number         0  llmul.o ABSOLUTE
    ../clib/microlib/longlong.c              0x00000000   Number         0  llushr.o ABSOLUTE
    ../clib/microlib/longlong.c              0x00000000   Number         0  llshl.o ABSOLUTE
    ../clib/microlib/longlong.c              0x00000000   Number         0  llsshr.o ABSOLUTE
    ../clib/microlib/printf/printf.c         0x00000000   Number         0  printf6.o ABSOLUTE
    ../clib/microlib/printf/printf.c         0x00000000   Number         0  printf3.o ABSOLUTE
    ../clib/microlib/printf/printf.c         0x00000000   Number         0  printf2.o ABSOLUTE
    ../clib/microlib/printf/printf.c         0x00000000   Number         0  printf1.o ABSOLUTE
    ../clib/microlib/printf/printf.c         0x00000000   Number         0  printf4.o ABSOLUTE
    ../clib/microlib/printf/printf.c         0x00000000   Number         0  printfb.o ABSOLUTE
    ../clib/microlib/printf/printf.c         0x00000000   Number         0  printf0.o ABSOLUTE
    ../clib/microlib/printf/printf.c         0x00000000   Number         0  printf5.o ABSOLUTE
    ../clib/microlib/printf/printf.c         0x00000000   Number         0  printfa.o ABSOLUTE
    ../clib/microlib/printf/printf.c         0x00000000   Number         0  printf8.o ABSOLUTE
    ../clib/microlib/printf/printf.c         0x00000000   Number         0  printf7.o ABSOLUTE
    ../clib/microlib/printf/stubs.s          0x00000000   Number         0  stubs.o ABSOLUTE
    ../clib/microlib/stdio/fputc.c           0x00000000   Number         0  fputc.o ABSOLUTE
    ../clib/microlib/stdio/semi.s            0x00000000   Number         0  semi.o ABSOLUTE
    ../clib/microlib/stdio/streams.c         0x00000000   Number         0  stdout.o ABSOLUTE
    ../clib/microlib/string/memcpy.c         0x00000000   Number         0  memcpyb.o ABSOLUTE
    ../clib/microlib/string/memcpy.c         0x00000000   Number         0  memcpya.o ABSOLUTE
    ../clib/microlib/string/memset.c         0x00000000   Number         0  memseta.o ABSOLUTE
    ../clib/microlib/string/strlen.c         0x00000000   Number         0  strlen.o ABSOLUTE
    ../clib/microlib/string/strncmp.c        0x00000000   Number         0  strncmp.o ABSOLUTE
    ../clib/microlib/stubs.s                 0x00000000   Number         0  iusefp.o ABSOLUTE
    ../clib/microlib/stubs.s                 0x00000000   Number         0  iusesemip.o ABSOLUTE
    ../clib/scanf.c                          0x00000000   Number         0  _sgetc.o ABSOLUTE
    ../clib/scanf.c                          0x00000000   Number         0  scanf_fp.o ABSOLUTE
    ../clib/scanf.c                          0x00000000   Number         0  strtod.o ABSOLUTE
    ../fplib/microlib/d2f.c                  0x00000000   Number         0  d2f.o ABSOLUTE
    ../fplib/microlib/fpadd.c                0x00000000   Number         0  dadd.o ABSOLUTE
    ../fplib/microlib/fpdiv.c                0x00000000   Number         0  ddiv.o ABSOLUTE
    ../fplib/microlib/fpepilogue.c           0x00000000   Number         0  fepilogue.o ABSOLUTE
    ../fplib/microlib/fpepilogue.c           0x00000000   Number         0  depilogue.o ABSOLUTE
    ../fplib/microlib/fpfix.c                0x00000000   Number         0  dfixi.o ABSOLUTE
    ../fplib/microlib/fpfix.c                0x00000000   Number         0  dfixul.o ABSOLUTE
    ../fplib/microlib/fpflt.c                0x00000000   Number         0  dflti.o ABSOLUTE
    ../fplib/microlib/fpflt.c                0x00000000   Number         0  dfltui.o ABSOLUTE
    ../fplib/microlib/fpflt.c                0x00000000   Number         0  dfltul.o ABSOLUTE
    ../fplib/microlib/fpmul.c                0x00000000   Number         0  dmul.o ABSOLUTE
    ../fplib/microlib/fprem.c                0x00000000   Number         0  drem.o ABSOLUTE
    ../fplib/microlib/fpscalb.c              0x00000000   Number         0  dscalb.o ABSOLUTE
    ../fplib/microlib/fpsqrt.c               0x00000000   Number         0  dsqrt.o ABSOLUTE
    ../mathlib/atan.c                        0x00000000   Number         0  atan.o ABSOLUTE
    ../mathlib/atan.c                        0x00000000   Number         0  atan_x.o ABSOLUTE
    ../mathlib/atan2.c                       0x00000000   Number         0  atan2_x.o ABSOLUTE
    ../mathlib/atan2.c                       0x00000000   Number         0  atan2.o ABSOLUTE
    ../mathlib/cos.c                         0x00000000   Number         0  cos_x.o ABSOLUTE
    ../mathlib/cos.c                         0x00000000   Number         0  cos.o ABSOLUTE
    ../mathlib/cos_i.c                       0x00000000   Number         0  cos_i.o ABSOLUTE
    ../mathlib/dunder.c                      0x00000000   Number         0  dunder.o ABSOLUTE
    ../mathlib/fmod.c                        0x00000000   Number         0  fmod.o ABSOLUTE
    ../mathlib/fmod.c                        0x00000000   Number         0  fmod_x.o ABSOLUTE
    ../mathlib/fpclassify.c                  0x00000000   Number         0  fpclassify.o ABSOLUTE
    ../mathlib/poly.c                        0x00000000   Number         0  poly.o ABSOLUTE
    ../mathlib/qnan.c                        0x00000000   Number         0  qnan.o ABSOLUTE
    ../mathlib/rred.c                        0x00000000   Number         0  rred.o ABSOLUTE
    ../mathlib/sin.c                         0x00000000   Number         0  sin.o ABSOLUTE
    ../mathlib/sin.c                         0x00000000   Number         0  sin_x.o ABSOLUTE
    ../mathlib/sin_i.c                       0x00000000   Number         0  sin_i_x.o ABSOLUTE
    ../mathlib/sin_i.c                       0x00000000   Number         0  sin_i.o ABSOLUTE
    ../mathlib/sqrt.c                        0x00000000   Number         0  sqrt_x.o ABSOLUTE
    ../mathlib/sqrt.c                        0x00000000   Number         0  sqrt.o ABSOLUTE
    ../mathlib/strtod.c                      0x00000000   Number         0  strtod.o ABSOLUTE
    ..\Drivers\STM32F0xx_HAL_Driver\Src\stm32f0xx_hal.c 0x00000000   Number         0  stm32f0xx_hal.o ABSOLUTE
    ..\Drivers\STM32F0xx_HAL_Driver\Src\stm32f0xx_hal_cortex.c 0x00000000   Number         0  stm32f0xx_hal_cortex.o ABSOLUTE
    ..\Drivers\STM32F0xx_HAL_Driver\Src\stm32f0xx_hal_dma.c 0x00000000   Number         0  stm32f0xx_hal_dma.o ABSOLUTE
    ..\Drivers\STM32F0xx_HAL_Driver\Src\stm32f0xx_hal_flash.c 0x00000000   Number         0  stm32f0xx_hal_flash.o ABSOLUTE
    ..\Drivers\STM32F0xx_HAL_Driver\Src\stm32f0xx_hal_flash_ex.c 0x00000000   Number         0  stm32f0xx_hal_flash_ex.o ABSOLUTE
    ..\Drivers\STM32F0xx_HAL_Driver\Src\stm32f0xx_hal_gpio.c 0x00000000   Number         0  stm32f0xx_hal_gpio.o ABSOLUTE
    ..\Drivers\STM32F0xx_HAL_Driver\Src\stm32f0xx_hal_i2c.c 0x00000000   Number         0  stm32f0xx_hal_i2c.o ABSOLUTE
    ..\Drivers\STM32F0xx_HAL_Driver\Src\stm32f0xx_hal_i2c_ex.c 0x00000000   Number         0  stm32f0xx_hal_i2c_ex.o ABSOLUTE
    ..\Drivers\STM32F0xx_HAL_Driver\Src\stm32f0xx_hal_pwr.c 0x00000000   Number         0  stm32f0xx_hal_pwr.o ABSOLUTE
    ..\Drivers\STM32F0xx_HAL_Driver\Src\stm32f0xx_hal_pwr_ex.c 0x00000000   Number         0  stm32f0xx_hal_pwr_ex.o ABSOLUTE
    ..\Drivers\STM32F0xx_HAL_Driver\Src\stm32f0xx_hal_rcc.c 0x00000000   Number         0  stm32f0xx_hal_rcc.o ABSOLUTE
    ..\Drivers\STM32F0xx_HAL_Driver\Src\stm32f0xx_hal_rcc_ex.c 0x00000000   Number         0  stm32f0xx_hal_rcc_ex.o ABSOLUTE
    ..\Drivers\STM32F0xx_HAL_Driver\Src\stm32f0xx_hal_spi.c 0x00000000   Number         0  stm32f0xx_hal_spi.o ABSOLUTE
    ..\Drivers\STM32F0xx_HAL_Driver\Src\stm32f0xx_hal_spi_ex.c 0x00000000   Number         0  stm32f0xx_hal_spi_ex.o ABSOLUTE
    ..\Drivers\STM32F0xx_HAL_Driver\Src\stm32f0xx_hal_tim.c 0x00000000   Number         0  stm32f0xx_hal_tim.o ABSOLUTE
    ..\Drivers\STM32F0xx_HAL_Driver\Src\stm32f0xx_hal_tim_ex.c 0x00000000   Number         0  stm32f0xx_hal_tim_ex.o ABSOLUTE
    ..\Drivers\STM32F0xx_HAL_Driver\Src\stm32f0xx_hal_uart.c 0x00000000   Number         0  stm32f0xx_hal_uart.o ABSOLUTE
    ..\Drivers\STM32F0xx_HAL_Driver\Src\stm32f0xx_hal_uart_ex.c 0x00000000   Number         0  stm32f0xx_hal_uart_ex.o ABSOLUTE
    ..\Src\gpio.c                            0x00000000   Number         0  gpio.o ABSOLUTE
    ..\Src\gps.c                             0x00000000   Number         0  gps.o ABSOLUTE
    ..\Src\gps_buff.c                        0x00000000   Number         0  gps_buff.o ABSOLUTE
    ..\Src\main.c                            0x00000000   Number         0  main.o ABSOLUTE
    ..\Src\spi.c                             0x00000000   Number         0  spi.o ABSOLUTE
    ..\Src\stm32f0xx_hal_msp.c               0x00000000   Number         0  stm32f0xx_hal_msp.o ABSOLUTE
    ..\Src\stm32f0xx_it.c                    0x00000000   Number         0  stm32f0xx_it.o ABSOLUTE
    ..\Src\system_stm32f0xx.c                0x00000000   Number         0  system_stm32f0xx.o ABSOLUTE
    ..\Src\usart.c                           0x00000000   Number         0  usart.o ABSOLUTE
    D:\Keil_v5\ARM\Pack\NordicSemiconductor\RTT\SEGGER_RTT.c 0x00000000   Number         0  segger_rtt.o ABSOLUTE
    D:\Keil_v5\ARM\Pack\NordicSemiconductor\RTT\SEGGER_RTT_printf.c 0x00000000   Number         0  segger_rtt_printf.o ABSOLUTE
    cdcmple.s                                0x00000000   Number         0  cdcmple.o ABSOLUTE
    cdrcmple.s                               0x00000000   Number         0  cdrcmple.o ABSOLUTE
    dc.s                                     0x00000000   Number         0  dc.o ABSOLUTE
    handlers.s                               0x00000000   Number         0  handlers.o ABSOLUTE
    init.s                                   0x00000000   Number         0  init.o ABSOLUTE
    startup_stm32f030x6.s                    0x00000000   Number         0  startup_stm32f030x6.o ABSOLUTE
    RESET                                    0x08000000   Section      176  startup_stm32f030x6.o(RESET)
    .ARM.Collect$$$$00000000                 0x080000b0   Section        0  entry.o(.ARM.Collect$$$$00000000)
    .ARM.Collect$$$$00000001                 0x080000b0   Section        4  entry2.o(.ARM.Collect$$$$00000001)
    .ARM.Collect$$$$00000004                 0x080000b4   Section        4  entry5.o(.ARM.Collect$$$$00000004)
    .ARM.Collect$$$$00000008                 0x080000b8   Section        0  entry7b.o(.ARM.Collect$$$$00000008)
    .ARM.Collect$$$$0000000A                 0x080000b8   Section        0  entry8b.o(.ARM.Collect$$$$0000000A)
    .ARM.Collect$$$$0000000B                 0x080000b8   Section        8  entry9a.o(.ARM.Collect$$$$0000000B)
    .ARM.Collect$$$$0000000D                 0x080000c0   Section        0  entry10a.o(.ARM.Collect$$$$0000000D)
    .ARM.Collect$$$$0000000F                 0x080000c0   Section        0  entry11a.o(.ARM.Collect$$$$0000000F)
    .ARM.Collect$$$$00002712                 0x080000c0   Section        4  entry2.o(.ARM.Collect$$$$00002712)
    __lit__00000000                          0x080000c0   Data           4  entry2.o(.ARM.Collect$$$$00002712)
    .text                                    0x080000c4   Section       28  startup_stm32f030x6.o(.text)
    .text                                    0x080000e0   Section        0  uidiv.o(.text)
    .text                                    0x0800010c   Section        0  idiv.o(.text)
    .text                                    0x08000134   Section        0  llushr.o(.text)
    .text                                    0x08000156   Section        0  memcpya.o(.text)
    .text                                    0x0800017a   Section        0  memseta.o(.text)
    .text                                    0x0800019e   Section        0  strlen.o(.text)
    .text                                    0x080001ac   Section        0  strncmp.o(.text)
    .text                                    0x080001cc   Section        0  dadd.o(.text)
    .text                                    0x08000330   Section        0  dmul.o(.text)
    .text                                    0x08000400   Section        0  ddiv.o(.text)
    .text                                    0x080004f0   Section        0  dflti.o(.text)
    .text                                    0x08000518   Section        0  dfixi.o(.text)
    .text                                    0x08000560   Section       40  cdrcmple.o(.text)
    .text                                    0x08000588   Section        0  uldiv.o(.text)
    .text                                    0x080005e8   Section        0  llshl.o(.text)
    .text                                    0x08000608   Section        0  llsshr.o(.text)
    .text                                    0x08000630   Section        0  strtod.o(.text)
    _local_sscanf                            0x08000631   Thumb Code    54  strtod.o(.text)
    .text                                    0x080006d4   Section        0  depilogue.o(.text)
    .text                                    0x080006d4   Section        0  iusefp.o(.text)
    .text                                    0x08000792   Section        0  drem.o(.text)
    .text                                    0x08000814   Section        0  dfixul.o(.text)
    .text                                    0x08000854   Section       36  init.o(.text)
    .text                                    0x08000878   Section        0  isspace_c.o(.text)
    .text                                    0x08000888   Section        0  scanf_fp.o(.text)
    _fp_value                                0x08000889   Thumb Code   246  scanf_fp.o(.text)
    .text                                    0x08000bd4   Section        0  _sgetc.o(.text)
    .text                                    0x08000c18   Section        0  llmul.o(.text)
    .text                                    0x08000c94   Section        0  ctype_c.o(.text)
    .text                                    0x08000cb8   Section        0  dfltul.o(.text)
    .text                                    0x08000cd4   Section        0  d2f.o(.text)
    .text                                    0x08000d0c   Section        0  fepilogue.o(.text)
    .text                                    0x08000d8e   Section        0  __dczerorl2.o(.text)
    i.CHANGE_UART_PINS                       0x08000de4   Section        0  usart.o(i.CHANGE_UART_PINS)
    i.Error_Handler                          0x08000e14   Section        0  main.o(i.Error_Handler)
    i.HAL_DMA_Abort_IT                       0x08000e16   Section        0  stm32f0xx_hal_dma.o(i.HAL_DMA_Abort_IT)
    i.HAL_Delay                              0x08000e5e   Section        0  stm32f0xx_hal.o(i.HAL_Delay)
    i.HAL_GPIO_DeInit                        0x08000e7c   Section        0  stm32f0xx_hal_gpio.o(i.HAL_GPIO_DeInit)
    i.HAL_GPIO_Init                          0x08000f50   Section        0  stm32f0xx_hal_gpio.o(i.HAL_GPIO_Init)
    i.HAL_GPIO_WritePin                      0x08001098   Section        0  stm32f0xx_hal_gpio.o(i.HAL_GPIO_WritePin)
    i.HAL_GetTick                            0x080010a4   Section        0  stm32f0xx_hal.o(i.HAL_GetTick)
    i.HAL_IncTick                            0x080010b0   Section        0  stm32f0xx_hal.o(i.HAL_IncTick)
    i.HAL_Init                               0x080010c0   Section        0  stm32f0xx_hal.o(i.HAL_Init)
    i.HAL_InitTick                           0x080010e0   Section        0  stm32f0xx_hal.o(i.HAL_InitTick)
    i.HAL_MspInit                            0x08001104   Section        0  stm32f0xx_hal_msp.o(i.HAL_MspInit)
    i.HAL_NVIC_DisableIRQ                    0x0800112c   Section        0  stm32f0xx_hal_cortex.o(i.HAL_NVIC_DisableIRQ)
    i.HAL_NVIC_EnableIRQ                     0x08001140   Section        0  stm32f0xx_hal_cortex.o(i.HAL_NVIC_EnableIRQ)
    i.HAL_NVIC_SetPriority                   0x08001154   Section        0  stm32f0xx_hal_cortex.o(i.HAL_NVIC_SetPriority)
    i.HAL_RCCEx_PeriphCLKConfig              0x0800115c   Section        0  stm32f0xx_hal_rcc_ex.o(i.HAL_RCCEx_PeriphCLKConfig)
    i.HAL_RCC_ClockConfig                    0x08001244   Section        0  stm32f0xx_hal_rcc.o(i.HAL_RCC_ClockConfig)
    i.HAL_RCC_GetHCLKFreq                    0x08001370   Section        0  stm32f0xx_hal_rcc.o(i.HAL_RCC_GetHCLKFreq)
    i.HAL_RCC_GetPCLK1Freq                   0x0800137c   Section        0  stm32f0xx_hal_rcc.o(i.HAL_RCC_GetPCLK1Freq)
    i.HAL_RCC_GetSysClockFreq                0x0800139c   Section        0  stm32f0xx_hal_rcc.o(i.HAL_RCC_GetSysClockFreq)
    i.HAL_RCC_OscConfig                      0x08001414   Section        0  stm32f0xx_hal_rcc.o(i.HAL_RCC_OscConfig)
    i.HAL_SPI_Init                           0x08001768   Section        0  stm32f0xx_hal_spi.o(i.HAL_SPI_Init)
    i.HAL_SPI_MspInit                        0x08001820   Section        0  spi.o(i.HAL_SPI_MspInit)
    i.HAL_SYSTICK_Config                     0x0800187c   Section        0  stm32f0xx_hal_cortex.o(i.HAL_SYSTICK_Config)
    i.HAL_UART_DeInit                        0x080018ac   Section        0  stm32f0xx_hal_uart.o(i.HAL_UART_DeInit)
    i.HAL_UART_ErrorCallback                 0x080018ea   Section        0  stm32f0xx_hal_uart.o(i.HAL_UART_ErrorCallback)
    i.HAL_UART_IRQHandler                    0x080018ec   Section        0  stm32f0xx_hal_uart.o(i.HAL_UART_IRQHandler)
    i.HAL_UART_Init                          0x08001a00   Section        0  stm32f0xx_hal_uart.o(i.HAL_UART_Init)
    i.HAL_UART_MspDeInit                     0x08001a6c   Section        0  usart.o(i.HAL_UART_MspDeInit)
    i.HAL_UART_MspInit                       0x08001aa8   Section        0  usart.o(i.HAL_UART_MspInit)
    i.HAL_UART_Receive_IT                    0x08001b24   Section        0  stm32f0xx_hal_uart.o(i.HAL_UART_Receive_IT)
    i.HAL_UART_RxCpltCallback                0x08001bac   Section        0  main.o(i.HAL_UART_RxCpltCallback)
    i.HAL_UART_Transmit                      0x08001bb0   Section        0  stm32f0xx_hal_uart.o(i.HAL_UART_Transmit)
    i.HAL_UART_TxCpltCallback                0x08001c90   Section        0  main.o(i.HAL_UART_TxCpltCallback)
    i.HardFault_Handler                      0x08001c92   Section        0  stm32f0xx_it.o(i.HardFault_Handler)
    i.MX_GPIO_Init                           0x08001c94   Section        0  gpio.o(i.MX_GPIO_Init)
    i.MX_SPI1_Init                           0x08001d04   Section        0  spi.o(i.MX_SPI1_Init)
    i.MX_USART1_UART_Init                    0x08001d50   Section        0  usart.o(i.MX_USART1_UART_Init)
    i.NMI_Handler                            0x08001d88   Section        0  stm32f0xx_it.o(i.NMI_Handler)
    i.NVIC_SetPriority                       0x08001d8c   Section        0  stm32f0xx_hal_cortex.o(i.NVIC_SetPriority)
    NVIC_SetPriority                         0x08001d8d   Thumb Code    60  stm32f0xx_hal_cortex.o(i.NVIC_SetPriority)
    i.PendSV_Handler                         0x08001dd0   Section        0  stm32f0xx_it.o(i.PendSV_Handler)
    i.SEGGER_RTT_Write                       0x08001dd4   Section        0  segger_rtt.o(i.SEGGER_RTT_Write)
    i.SEGGER_RTT_WriteString                 0x08001e64   Section        0  segger_rtt.o(i.SEGGER_RTT_WriteString)
    i.SVC_Handler                            0x08001e82   Section        0  stm32f0xx_it.o(i.SVC_Handler)
    i.SysTick_Handler                        0x08001e84   Section        0  stm32f0xx_it.o(i.SysTick_Handler)
    i.SystemClock_Config                     0x08001e8c   Section        0  main.o(i.SystemClock_Config)
    i.SystemInit                             0x08001ee0   Section        0  system_stm32f0xx.o(i.SystemInit)
    i.UART_AdvFeatureConfig                  0x08001f3c   Section        0  stm32f0xx_hal_uart.o(i.UART_AdvFeatureConfig)
    i.UART_CheckIdleState                    0x08002006   Section        0  stm32f0xx_hal_uart.o(i.UART_CheckIdleState)
    i.UART_DMAAbortOnError                   0x08002018   Section        0  stm32f0xx_hal_uart.o(i.UART_DMAAbortOnError)
    UART_DMAAbortOnError                     0x08002019   Thumb Code    20  stm32f0xx_hal_uart.o(i.UART_DMAAbortOnError)
    i.UART_EndRxTransfer                     0x0800202c   Section        0  stm32f0xx_hal_uart.o(i.UART_EndRxTransfer)
    UART_EndRxTransfer                       0x0800202d   Thumb Code    30  stm32f0xx_hal_uart.o(i.UART_EndRxTransfer)
    i.UART_EndTransmit_IT                    0x0800204a   Section        0  stm32f0xx_hal_uart.o(i.UART_EndTransmit_IT)
    i.UART_Receive_IT                        0x08002064   Section        0  stm32f0xx_hal_uart.o(i.UART_Receive_IT)
    i.UART_SetConfig                         0x080020e0   Section        0  stm32f0xx_hal_uart.o(i.UART_SetConfig)
    i.UART_Transmit_IT                       0x080021f4   Section        0  stm32f0xx_hal_uart.o(i.UART_Transmit_IT)
    i.UART_WaitOnFlagUntilTimeout            0x0800225a   Section        0  stm32f0xx_hal_uart.o(i.UART_WaitOnFlagUntilTimeout)
    i.USART1_IRQHandler                      0x080022bc   Section        0  stm32f0xx_it.o(i.USART1_IRQHandler)
    i.__0sprintf                             0x080022cc   Section        0  printfa.o(i.__0sprintf)
    i.__ARM_clz                              0x080022f4   Section        0  depilogue.o(i.__ARM_clz)
    i.__ARM_common_switch8                   0x08002322   Section        0  gps.o(i.__ARM_common_switch8)
    i.__mathlib_dbl_invalid                  0x0800233c   Section        0  dunder.o(i.__mathlib_dbl_invalid)
    i.__scatterload_copy                     0x0800234c   Section       14  handlers.o(i.__scatterload_copy)
    i.__scatterload_null                     0x0800235a   Section        2  handlers.o(i.__scatterload_null)
    i.__scatterload_zeroinit                 0x0800235c   Section       14  handlers.o(i.__scatterload_zeroinit)
    i.__set_errno                            0x0800236c   Section        0  errno.o(i.__set_errno)
    i._fp_digits                             0x08002378   Section        0  printfa.o(i._fp_digits)
    _fp_digits                               0x08002379   Thumb Code   316  printfa.o(i._fp_digits)
    i._is_digit                              0x080024d0   Section        0  scanf_fp.o(i._is_digit)
    i._printf_core                           0x080024e0   Section        0  printfa.o(i._printf_core)
    _printf_core                             0x080024e1   Thumb Code  1754  printfa.o(i._printf_core)
    i._printf_post_padding                   0x08002bcc   Section        0  printfa.o(i._printf_post_padding)
    _printf_post_padding                     0x08002bcd   Thumb Code    32  printfa.o(i._printf_post_padding)
    i._printf_pre_padding                    0x08002bec   Section        0  printfa.o(i._printf_pre_padding)
    _printf_pre_padding                      0x08002bed   Thumb Code    44  printfa.o(i._printf_pre_padding)
    i._sputc                                 0x08002c18   Section        0  printfa.o(i._sputc)
    _sputc                                   0x08002c19   Thumb Code    10  printfa.o(i._sputc)
    i.check_crc                              0x08002c22   Section        0  gps.o(i.check_crc)
    check_crc                                0x08002c23   Thumb Code   100  gps.o(i.check_crc)
    i.checkpower                             0x08002c88   Section        0  main.o(i.checkpower)
    i.copy_from_tmp_memory                   0x08002cc8   Section        0  gps.o(i.copy_from_tmp_memory)
    copy_from_tmp_memory                     0x08002cc9   Thumb Code   168  gps.o(i.copy_from_tmp_memory)
    i.find                                   0x08002d70   Section        0  main.o(i.find)
    i.fmod                                   0x08002df8   Section        0  fmod.o(i.fmod)
    i.gps_init                               0x08002e8c   Section        0  gps.o(i.gps_init)
    i.gps_process                            0x08002e98   Section        0  gps.o(i.gps_process)
    i.init_gsm                               0x08002f4c   Section        0  main.o(i.init_gsm)
    i.main                                   0x080030ac   Section        0  main.o(i.main)
    i.my_location                            0x08003244   Section        0  main.o(i.my_location)
    i.parse_float_number                     0x080032a0   Section        0  gps.o(i.parse_float_number)
    parse_float_number                       0x080032a1   Thumb Code    34  gps.o(i.parse_float_number)
    i.parse_lat_long                         0x080032c2   Section        0  gps.o(i.parse_lat_long)
    parse_lat_long                           0x080032c3   Thumb Code    10  gps.o(i.parse_lat_long)
    i.parse_number                           0x080032cc   Section        0  gps.o(i.parse_number)
    parse_number                             0x080032cd   Thumb Code    78  gps.o(i.parse_number)
    i.parse_term                             0x0800331c   Section        0  gps.o(i.parse_term)
    parse_term                               0x0800331d   Thumb Code   588  gps.o(i.parse_term)
    i.respons                                0x080035a8   Section        0  main.o(i.respons)
    i.send                                   0x08003634   Section        0  main.o(i.send)
    i.send_socket                            0x08003674   Section        0  main.o(i.send_socket)
    i.strtod                                 0x080037a8   Section        0  strtod.o(i.strtod)
    .constdata                               0x080037c4   Section       16  system_stm32f0xx.o(.constdata)
    .constdata                               0x080037d4   Section        8  system_stm32f0xx.o(.constdata)
    .constdata                               0x080037dc   Section       64  ctype_c.o(.constdata)
    .conststring                             0x0800381c   Section        9  segger_rtt.o(.conststring)
    .data                                    0x20000000   Section      124  segger_rtt.o(.data)
    _ActiveTerminal                          0x20000000   Data           1  segger_rtt.o(.data)
    _SEGGER_RTT                              0x20000004   Data         120  segger_rtt.o(.data)
    .data                                    0x20000080   Section      292  main.o(.data)
    .data                                    0x200001a4   Section        4  usart.o(.data)
    .data                                    0x200001a8   Section        4  stm32f0xx_hal.o(.data)
    .data                                    0x200001ac   Section        4  system_stm32f0xx.o(.data)
    .data                                    0x200001b0   Section        4  errno.o(.data)
    _errno                                   0x200001b0   Data           4  errno.o(.data)
    .bss                                     0x200001b4   Section     1024  segger_rtt.o(.bss)
    _acUpBuffer                              0x200001b4   Data        1024  segger_rtt.o(.bss)
    .bss                                     0x200005b4   Section       16  segger_rtt.o(.bss)
    _acDownBuffer                            0x200005b4   Data          16  segger_rtt.o(.bss)
    .bss                                     0x200005c8   Section      472  main.o(.bss)
    .bss                                     0x200007a0   Section      100  spi.o(.bss)
    .bss                                     0x20000804   Section      112  usart.o(.bss)
    STACK                                    0x20000878   Section     1024  startup_stm32f030x6.o(STACK)

    Global Symbols

    Symbol Name                              Value     Ov Type        Size  Object(Section)

    BuildAttributes$$THM_ISAv3M$S$PE$A:L22$X:L11$S22$IEEE1$IW$USESV6$~STKCKD$USESV7$~SHL$OTIME$ROPI$IEEEX$EBA8$MICROLIB$REQ8$PRES8$EABIv2 0x00000000   Number         0  anon$$obj.o ABSOLUTE
    __ARM_use_no_argv                        0x00000000   Number         0  main.o ABSOLUTE
    _printf_a                                0x00000000   Number         0  stubs.o ABSOLUTE
    _printf_c                                0x00000000   Number         0  stubs.o ABSOLUTE
    _printf_charcount                        0x00000000   Number         0  stubs.o ABSOLUTE
    _printf_d                                0x00000000   Number         0  stubs.o ABSOLUTE
    _printf_e                                0x00000000   Number         0  stubs.o ABSOLUTE
    _printf_f                                0x00000000   Number         0  stubs.o ABSOLUTE
    _printf_flags                            0x00000000   Number         0  stubs.o ABSOLUTE
    _printf_fp_dec                           0x00000000   Number         0  stubs.o ABSOLUTE
    _printf_fp_hex                           0x00000000   Number         0  stubs.o ABSOLUTE
    _printf_g                                0x00000000   Number         0  stubs.o ABSOLUTE
    _printf_i                                0x00000000   Number         0  stubs.o ABSOLUTE
    _printf_int_dec                          0x00000000   Number         0  stubs.o ABSOLUTE
    _printf_l                                0x00000000   Number         0  stubs.o ABSOLUTE
    _printf_lc                               0x00000000   Number         0  stubs.o ABSOLUTE
    _printf_ll                               0x00000000   Number         0  stubs.o ABSOLUTE
    _printf_lld                              0x00000000   Number         0  stubs.o ABSOLUTE
    _printf_lli                              0x00000000   Number         0  stubs.o ABSOLUTE
    _printf_llo                              0x00000000   Number         0  stubs.o ABSOLUTE
    _printf_llu                              0x00000000   Number         0  stubs.o ABSOLUTE
    _printf_llx                              0x00000000   Number         0  stubs.o ABSOLUTE
    _printf_longlong_dec                     0x00000000   Number         0  stubs.o ABSOLUTE
    _printf_longlong_hex                     0x00000000   Number         0  stubs.o ABSOLUTE
    _printf_longlong_oct                     0x00000000   Number         0  stubs.o ABSOLUTE
    _printf_ls                               0x00000000   Number         0  stubs.o ABSOLUTE
    _printf_mbtowc                           0x00000000   Number         0  stubs.o ABSOLUTE
    _printf_n                                0x00000000   Number         0  stubs.o ABSOLUTE
    _printf_o                                0x00000000   Number         0  stubs.o ABSOLUTE
    _printf_p                                0x00000000   Number         0  stubs.o ABSOLUTE
    _printf_percent                          0x00000000   Number         0  stubs.o ABSOLUTE
    _printf_pre_padding                      0x00000000   Number         0  stubs.o ABSOLUTE
    _printf_return_value                     0x00000000   Number         0  stubs.o ABSOLUTE
    _printf_s                                0x00000000   Number         0  stubs.o ABSOLUTE
    _printf_sizespec                         0x00000000   Number         0  stubs.o ABSOLUTE
    _printf_str                              0x00000000   Number         0  stubs.o ABSOLUTE
    _printf_truncate_signed                  0x00000000   Number         0  stubs.o ABSOLUTE
    _printf_truncate_unsigned                0x00000000   Number         0  stubs.o ABSOLUTE
    _printf_u                                0x00000000   Number         0  stubs.o ABSOLUTE
    _printf_wc                               0x00000000   Number         0  stubs.o ABSOLUTE
    _printf_wctomb                           0x00000000   Number         0  stubs.o ABSOLUTE
    _printf_widthprec                        0x00000000   Number         0  stubs.o ABSOLUTE
    _printf_x                                0x00000000   Number         0  stubs.o ABSOLUTE
    __cpp_initialize__aeabi_                  - Undefined Weak Reference
    __cxa_finalize                            - Undefined Weak Reference
    _clock_init                               - Undefined Weak Reference
    _microlib_exit                            - Undefined Weak Reference
    __Vectors_Size                           0x000000b0   Number         0  startup_stm32f030x6.o ABSOLUTE
    __Vectors                                0x08000000   Data           4  startup_stm32f030x6.o(RESET)
    __Vectors_End                            0x080000b0   Data           0  startup_stm32f030x6.o(RESET)
    __main                                   0x080000b1   Thumb Code     0  entry.o(.ARM.Collect$$$$00000000)
    _main_stk                                0x080000b1   Thumb Code     0  entry2.o(.ARM.Collect$$$$00000001)
    _main_scatterload                        0x080000b5   Thumb Code     0  entry5.o(.ARM.Collect$$$$00000004)
    __main_after_scatterload                 0x080000b9   Thumb Code     0  entry5.o(.ARM.Collect$$$$00000004)
    _main_clock                              0x080000b9   Thumb Code     0  entry7b.o(.ARM.Collect$$$$00000008)
    _main_cpp_init                           0x080000b9   Thumb Code     0  entry8b.o(.ARM.Collect$$$$0000000A)
    _main_init                               0x080000b9   Thumb Code     0  entry9a.o(.ARM.Collect$$$$0000000B)
    __rt_final_cpp                           0x080000c1   Thumb Code     0  entry10a.o(.ARM.Collect$$$$0000000D)
    __rt_final_exit                          0x080000c1   Thumb Code     0  entry11a.o(.ARM.Collect$$$$0000000F)
    Reset_Handler                            0x080000c5   Thumb Code     8  startup_stm32f030x6.o(.text)
    ADC1_IRQHandler                          0x080000d7   Thumb Code     0  startup_stm32f030x6.o(.text)
    DMA1_Channel1_IRQHandler                 0x080000d7   Thumb Code     0  startup_stm32f030x6.o(.text)
    DMA1_Channel2_3_IRQHandler               0x080000d7   Thumb Code     0  startup_stm32f030x6.o(.text)
    DMA1_Channel4_5_IRQHandler               0x080000d7   Thumb Code     0  startup_stm32f030x6.o(.text)
    EXTI0_1_IRQHandler                       0x080000d7   Thumb Code     0  startup_stm32f030x6.o(.text)
    EXTI2_3_IRQHandler                       0x080000d7   Thumb Code     0  startup_stm32f030x6.o(.text)
    EXTI4_15_IRQHandler                      0x080000d7   Thumb Code     0  startup_stm32f030x6.o(.text)
    FLASH_IRQHandler                         0x080000d7   Thumb Code     0  startup_stm32f030x6.o(.text)
    I2C1_IRQHandler                          0x080000d7   Thumb Code     0  startup_stm32f030x6.o(.text)
    RCC_IRQHandler                           0x080000d7   Thumb Code     0  startup_stm32f030x6.o(.text)
    RTC_IRQHandler                           0x080000d7   Thumb Code     0  startup_stm32f030x6.o(.text)
    SPI1_IRQHandler                          0x080000d7   Thumb Code     0  startup_stm32f030x6.o(.text)
    TIM14_IRQHandler                         0x080000d7   Thumb Code     0  startup_stm32f030x6.o(.text)
    TIM16_IRQHandler                         0x080000d7   Thumb Code     0  startup_stm32f030x6.o(.text)
    TIM17_IRQHandler                         0x080000d7   Thumb Code     0  startup_stm32f030x6.o(.text)
    TIM1_BRK_UP_TRG_COM_IRQHandler           0x080000d7   Thumb Code     0  startup_stm32f030x6.o(.text)
    TIM1_CC_IRQHandler                       0x080000d7   Thumb Code     0  startup_stm32f030x6.o(.text)
    TIM3_IRQHandler                          0x080000d7   Thumb Code     0  startup_stm32f030x6.o(.text)
    WWDG_IRQHandler                          0x080000d7   Thumb Code     0  startup_stm32f030x6.o(.text)
    __aeabi_uidiv                            0x080000e1   Thumb Code     0  uidiv.o(.text)
    __aeabi_uidivmod                         0x080000e1   Thumb Code    44  uidiv.o(.text)
    __aeabi_idiv                             0x0800010d   Thumb Code     0  idiv.o(.text)
    __aeabi_idivmod                          0x0800010d   Thumb Code    40  idiv.o(.text)
    __aeabi_llsr                             0x08000135   Thumb Code    34  llushr.o(.text)
    _ll_ushift_r                             0x08000135   Thumb Code     0  llushr.o(.text)
    __aeabi_memcpy                           0x08000157   Thumb Code    36  memcpya.o(.text)
    __aeabi_memcpy4                          0x08000157   Thumb Code     0  memcpya.o(.text)
    __aeabi_memcpy8                          0x08000157   Thumb Code     0  memcpya.o(.text)
    __aeabi_memset                           0x0800017b   Thumb Code    14  memseta.o(.text)
    __aeabi_memset4                          0x0800017b   Thumb Code     0  memseta.o(.text)
    __aeabi_memset8                          0x0800017b   Thumb Code     0  memseta.o(.text)
    __aeabi_memclr                           0x08000189   Thumb Code     4  memseta.o(.text)
    __aeabi_memclr4                          0x08000189   Thumb Code     0  memseta.o(.text)
    __aeabi_memclr8                          0x08000189   Thumb Code     0  memseta.o(.text)
    _memset$wrapper                          0x0800018d   Thumb Code    18  memseta.o(.text)
    strlen                                   0x0800019f   Thumb Code    14  strlen.o(.text)
    strncmp                                  0x080001ad   Thumb Code    30  strncmp.o(.text)
    __aeabi_dadd                             0x080001cd   Thumb Code   328  dadd.o(.text)
    __aeabi_dsub                             0x08000315   Thumb Code    12  dadd.o(.text)
    __aeabi_drsub                            0x08000321   Thumb Code    12  dadd.o(.text)
    __aeabi_dmul                             0x08000331   Thumb Code   202  dmul.o(.text)
    __aeabi_ddiv                             0x08000401   Thumb Code   234  ddiv.o(.text)
    __aeabi_i2d                              0x080004f1   Thumb Code    34  dflti.o(.text)
    __aeabi_d2iz                             0x08000519   Thumb Code    62  dfixi.o(.text)
    __aeabi_cdrcmple                         0x08000561   Thumb Code    38  cdrcmple.o(.text)
    __aeabi_uldivmod                         0x08000589   Thumb Code    96  uldiv.o(.text)
    __aeabi_llsl                             0x080005e9   Thumb Code    32  llshl.o(.text)
    _ll_shift_l                              0x080005e9   Thumb Code     0  llshl.o(.text)
    __aeabi_lasr                             0x08000609   Thumb Code    38  llsshr.o(.text)
    _ll_sshift_r                             0x08000609   Thumb Code     0  llsshr.o(.text)
    __strtod_int                             0x08000667   Thumb Code    92  strtod.o(.text)
    __I$use$fp                               0x080006d5   Thumb Code     0  iusefp.o(.text)
    _double_round                            0x080006d5   Thumb Code    26  depilogue.o(.text)
    _double_epilogue                         0x080006ef   Thumb Code   164  depilogue.o(.text)
    _drem                                    0x08000793   Thumb Code   130  drem.o(.text)
    __aeabi_d2ulz                            0x08000815   Thumb Code    54  dfixul.o(.text)
    __scatterload                            0x08000855   Thumb Code    28  init.o(.text)
    __scatterload_rt2                        0x08000855   Thumb Code     0  init.o(.text)
    isspace                                  0x08000879   Thumb Code    14  isspace_c.o(.text)
    _scanf_real                              0x0800097f   Thumb Code     0  scanf_fp.o(.text)
    _scanf_really_real                       0x0800097f   Thumb Code   586  scanf_fp.o(.text)
    _sgetc                                   0x08000bd5   Thumb Code    32  _sgetc.o(.text)
    _sbackspace                              0x08000bf5   Thumb Code    36  _sgetc.o(.text)
    __aeabi_lmul                             0x08000c19   Thumb Code   122  llmul.o(.text)
    _ll_mul                                  0x08000c19   Thumb Code     0  llmul.o(.text)
    __ctype_lookup                           0x08000c95   Thumb Code    32  ctype_c.o(.text)
    __aeabi_ul2d                             0x08000cb9   Thumb Code    22  dfltul.o(.text)
    __aeabi_d2f                              0x08000cd5   Thumb Code    56  d2f.o(.text)
    _float_round                             0x08000d0d   Thumb Code    16  fepilogue.o(.text)
    _float_epilogue                          0x08000d1d   Thumb Code   114  fepilogue.o(.text)
    __decompress                             0x08000d8f   Thumb Code     0  __dczerorl2.o(.text)
    __decompress1                            0x08000d8f   Thumb Code    86  __dczerorl2.o(.text)
    CHANGE_UART_PINS                         0x08000de5   Thumb Code    40  usart.o(i.CHANGE_UART_PINS)
    Error_Handler                            0x08000e15   Thumb Code     2  main.o(i.Error_Handler)
    HAL_DMA_Abort_IT                         0x08000e17   Thumb Code    72  stm32f0xx_hal_dma.o(i.HAL_DMA_Abort_IT)
    HAL_Delay                                0x08000e5f   Thumb Code    28  stm32f0xx_hal.o(i.HAL_Delay)
    HAL_GPIO_DeInit                          0x08000e7d   Thumb Code   192  stm32f0xx_hal_gpio.o(i.HAL_GPIO_DeInit)
    HAL_GPIO_Init                            0x08000f51   Thumb Code   302  stm32f0xx_hal_gpio.o(i.HAL_GPIO_Init)
    HAL_GPIO_WritePin                        0x08001099   Thumb Code    12  stm32f0xx_hal_gpio.o(i.HAL_GPIO_WritePin)
    HAL_GetTick                              0x080010a5   Thumb Code     6  stm32f0xx_hal.o(i.HAL_GetTick)
    HAL_IncTick                              0x080010b1   Thumb Code    10  stm32f0xx_hal.o(i.HAL_IncTick)
    HAL_Init                                 0x080010c1   Thumb Code    26  stm32f0xx_hal.o(i.HAL_Init)
    HAL_InitTick                             0x080010e1   Thumb Code    34  stm32f0xx_hal.o(i.HAL_InitTick)
    HAL_MspInit                              0x08001105   Thumb Code    34  stm32f0xx_hal_msp.o(i.HAL_MspInit)
    HAL_NVIC_DisableIRQ                      0x0800112d   Thumb Code    14  stm32f0xx_hal_cortex.o(i.HAL_NVIC_DisableIRQ)
    HAL_NVIC_EnableIRQ                       0x08001141   Thumb Code    14  stm32f0xx_hal_cortex.o(i.HAL_NVIC_EnableIRQ)
    HAL_NVIC_SetPriority                     0x08001155   Thumb Code     8  stm32f0xx_hal_cortex.o(i.HAL_NVIC_SetPriority)
    HAL_RCCEx_PeriphCLKConfig                0x0800115d   Thumb Code   218  stm32f0xx_hal_rcc_ex.o(i.HAL_RCCEx_PeriphCLKConfig)
    HAL_RCC_ClockConfig                      0x08001245   Thumb Code   280  stm32f0xx_hal_rcc.o(i.HAL_RCC_ClockConfig)
    HAL_RCC_GetHCLKFreq                      0x08001371   Thumb Code     6  stm32f0xx_hal_rcc.o(i.HAL_RCC_GetHCLKFreq)
    HAL_RCC_GetPCLK1Freq                     0x0800137d   Thumb Code    20  stm32f0xx_hal_rcc.o(i.HAL_RCC_GetPCLK1Freq)
    HAL_RCC_GetSysClockFreq                  0x0800139d   Thumb Code    76  stm32f0xx_hal_rcc.o(i.HAL_RCC_GetSysClockFreq)
    HAL_RCC_OscConfig                        0x08001415   Thumb Code   840  stm32f0xx_hal_rcc.o(i.HAL_RCC_OscConfig)
    HAL_SPI_Init                             0x08001769   Thumb Code   184  stm32f0xx_hal_spi.o(i.HAL_SPI_Init)
    HAL_SPI_MspInit                          0x08001821   Thumb Code    84  spi.o(i.HAL_SPI_MspInit)
    HAL_SYSTICK_Config                       0x0800187d   Thumb Code    38  stm32f0xx_hal_cortex.o(i.HAL_SYSTICK_Config)
    HAL_UART_DeInit                          0x080018ad   Thumb Code    62  stm32f0xx_hal_uart.o(i.HAL_UART_DeInit)
    HAL_UART_ErrorCallback                   0x080018eb   Thumb Code     2  stm32f0xx_hal_uart.o(i.HAL_UART_ErrorCallback)
    HAL_UART_IRQHandler                      0x080018ed   Thumb Code   272  stm32f0xx_hal_uart.o(i.HAL_UART_IRQHandler)
    HAL_UART_Init                            0x08001a01   Thumb Code   108  stm32f0xx_hal_uart.o(i.HAL_UART_Init)
    HAL_UART_MspDeInit                       0x08001a6d   Thumb Code    46  usart.o(i.HAL_UART_MspDeInit)
    HAL_UART_MspInit                         0x08001aa9   Thumb Code   110  usart.o(i.HAL_UART_MspInit)
    HAL_UART_Receive_IT                      0x08001b25   Thumb Code   132  stm32f0xx_hal_uart.o(i.HAL_UART_Receive_IT)
    HAL_UART_RxCpltCallback                  0x08001bad   Thumb Code     2  main.o(i.HAL_UART_RxCpltCallback)
    HAL_UART_Transmit                        0x08001bb1   Thumb Code   216  stm32f0xx_hal_uart.o(i.HAL_UART_Transmit)
    HAL_UART_TxCpltCallback                  0x08001c91   Thumb Code     2  main.o(i.HAL_UART_TxCpltCallback)
    HardFault_Handler                        0x08001c93   Thumb Code     2  stm32f0xx_it.o(i.HardFault_Handler)
    MX_GPIO_Init                             0x08001c95   Thumb Code   102  gpio.o(i.MX_GPIO_Init)
    MX_SPI1_Init                             0x08001d05   Thumb Code    66  spi.o(i.MX_SPI1_Init)
    MX_USART1_UART_Init                      0x08001d51   Thumb Code    48  usart.o(i.MX_USART1_UART_Init)
    NMI_Handler                              0x08001d89   Thumb Code     2  stm32f0xx_it.o(i.NMI_Handler)
    PendSV_Handler                           0x08001dd1   Thumb Code     2  stm32f0xx_it.o(i.PendSV_Handler)
    SEGGER_RTT_Write                         0x08001dd5   Thumb Code   140  segger_rtt.o(i.SEGGER_RTT_Write)
    SEGGER_RTT_WriteString                   0x08001e65   Thumb Code    30  segger_rtt.o(i.SEGGER_RTT_WriteString)
    SVC_Handler                              0x08001e83   Thumb Code     2  stm32f0xx_it.o(i.SVC_Handler)
    SysTick_Handler                          0x08001e85   Thumb Code     8  stm32f0xx_it.o(i.SysTick_Handler)
    SystemClock_Config                       0x08001e8d   Thumb Code    82  main.o(i.SystemClock_Config)
    SystemInit                               0x08001ee1   Thumb Code    78  system_stm32f0xx.o(i.SystemInit)
    UART_AdvFeatureConfig                    0x08001f3d   Thumb Code   202  stm32f0xx_hal_uart.o(i.UART_AdvFeatureConfig)
    UART_CheckIdleState                      0x08002007   Thumb Code    18  stm32f0xx_hal_uart.o(i.UART_CheckIdleState)
    UART_EndTransmit_IT                      0x0800204b   Thumb Code    26  stm32f0xx_hal_uart.o(i.UART_EndTransmit_IT)
    UART_Receive_IT                          0x08002065   Thumb Code   122  stm32f0xx_hal_uart.o(i.UART_Receive_IT)
    UART_SetConfig                           0x080020e1   Thumb Code   258  stm32f0xx_hal_uart.o(i.UART_SetConfig)
    UART_Transmit_IT                         0x080021f5   Thumb Code   102  stm32f0xx_hal_uart.o(i.UART_Transmit_IT)
    UART_WaitOnFlagUntilTimeout              0x0800225b   Thumb Code    98  stm32f0xx_hal_uart.o(i.UART_WaitOnFlagUntilTimeout)
    USART1_IRQHandler                        0x080022bd   Thumb Code    10  stm32f0xx_it.o(i.USART1_IRQHandler)
    __0sprintf                               0x080022cd   Thumb Code    36  printfa.o(i.__0sprintf)
    __1sprintf                               0x080022cd   Thumb Code     0  printfa.o(i.__0sprintf)
    __2sprintf                               0x080022cd   Thumb Code     0  printfa.o(i.__0sprintf)
    __c89sprintf                             0x080022cd   Thumb Code     0  printfa.o(i.__0sprintf)
    sprintf                                  0x080022cd   Thumb Code     0  printfa.o(i.__0sprintf)
    __ARM_clz                                0x080022f5   Thumb Code    46  depilogue.o(i.__ARM_clz)
    __ARM_common_switch8                     0x08002323   Thumb Code    26  gps.o(i.__ARM_common_switch8)
    __mathlib_dbl_invalid                    0x0800233d   Thumb Code    16  dunder.o(i.__mathlib_dbl_invalid)
    __scatterload_copy                       0x0800234d   Thumb Code    14  handlers.o(i.__scatterload_copy)
    __scatterload_null                       0x0800235b   Thumb Code     2  handlers.o(i.__scatterload_null)
    __scatterload_zeroinit                   0x0800235d   Thumb Code    14  handlers.o(i.__scatterload_zeroinit)
    __set_errno                              0x0800236d   Thumb Code     6  errno.o(i.__set_errno)
    _is_digit                                0x080024d1   Thumb Code    14  scanf_fp.o(i._is_digit)
    checkpower                               0x08002c89   Thumb Code    60  main.o(i.checkpower)
    find                                     0x08002d71   Thumb Code   112  main.o(i.find)
    fmod                                     0x08002df9   Thumb Code   144  fmod.o(i.fmod)
    gps_init                                 0x08002e8d   Thumb Code    12  gps.o(i.gps_init)
    gps_process                              0x08002e99   Thumb Code   180  gps.o(i.gps_process)
    init_gsm                                 0x08002f4d   Thumb Code   136  main.o(i.init_gsm)
    main                                     0x080030ad   Thumb Code   300  main.o(i.main)
    my_location                              0x08003245   Thumb Code    70  main.o(i.my_location)
    respons                                  0x080035a9   Thumb Code   114  main.o(i.respons)
    send                                     0x08003635   Thumb Code    46  main.o(i.send)
    send_socket                              0x08003675   Thumb Code   194  main.o(i.send_socket)
    strtod                                   0x080037a9   Thumb Code    28  strtod.o(i.strtod)
    AHBPrescTable                            0x080037c4   Data          16  system_stm32f0xx.o(.constdata)
    APBPrescTable                            0x080037d4   Data           8  system_stm32f0xx.o(.constdata)
    __ctype_categories                       0x080037dc   Data          64  ctype_c.o(.constdata)
    Region$$Table$$Base                      0x08003828   Number         0  anon$$obj.o(Region$$Table)
    Region$$Table$$Limit                     0x08003848   Number         0  anon$$obj.o(Region$$Table)
    z                                        0x20000080   Data           1  main.o(.data)
    tim1                                     0x20000084   Data           4  main.o(.data)
    Langitude                                0x20000088   Data           8  main.o(.data)
    Latiude                                  0x20000090   Data           8  main.o(.data)
    header                                   0x20000098   Data          98  main.o(.data)
    data                                     0x200000fa   Data         100  main.o(.data)
    socket                                   0x2000015e   Data          70  main.o(.data)
    tx_pin                                   0x200001a4   Data           2  usart.o(.data)
    rx_pin                                   0x200001a6   Data           2  usart.o(.data)
    uwTick                                   0x200001a8   Data           4  stm32f0xx_hal.o(.data)
    SystemCoreClock                          0x200001ac   Data           4  system_stm32f0xx.o(.data)
    print                                    0x200005c8   Data         100  main.o(.bss)
    rec                                      0x2000062c   Data         200  main.o(.bss)
    hgps                                     0x200006f8   Data         168  main.o(.bss)
    hspi1                                    0x200007a0   Data         100  spi.o(.bss)
    huart1                                   0x20000804   Data         112  usart.o(.bss)
    __initial_sp                             0x20000c78   Data           0  startup_stm32f030x6.o(STACK)



==============================================================================

Memory Map of the image

  Image Entry point : 0x080000b1

  Load Region LR_IROM1 (Base: 0x08000000, Size: 0x000039fc, Max: 0x00004000, ABSOLUTE, COMPRESSED[0x000038fc])

    Execution Region ER_IROM1 (Base: 0x08000000, Size: 0x00003848, Max: 0x00004000, ABSOLUTE)

    Base Addr    Size         Type   Attr      Idx    E Section Name        Object

    0x08000000   0x000000b0   Data   RO            3    RESET               startup_stm32f030x6.o
    0x080000b0   0x00000000   Code   RO         2739  * .ARM.Collect$$$$00000000  mc_p.l(entry.o)
    0x080000b0   0x00000004   Code   RO         3076    .ARM.Collect$$$$00000001  mc_p.l(entry2.o)
    0x080000b4   0x00000004   Code   RO         3079    .ARM.Collect$$$$00000004  mc_p.l(entry5.o)
    0x080000b8   0x00000000   Code   RO         3081    .ARM.Collect$$$$00000008  mc_p.l(entry7b.o)
    0x080000b8   0x00000000   Code   RO         3083    .ARM.Collect$$$$0000000A  mc_p.l(entry8b.o)
    0x080000b8   0x00000008   Code   RO         3084    .ARM.Collect$$$$0000000B  mc_p.l(entry9a.o)
    0x080000c0   0x00000000   Code   RO         3086    .ARM.Collect$$$$0000000D  mc_p.l(entry10a.o)
    0x080000c0   0x00000000   Code   RO         3088    .ARM.Collect$$$$0000000F  mc_p.l(entry11a.o)
    0x080000c0   0x00000004   Code   RO         3077    .ARM.Collect$$$$00002712  mc_p.l(entry2.o)
    0x080000c4   0x0000001c   Code   RO            4    .text               startup_stm32f030x6.o
    0x080000e0   0x0000002c   Code   RO         2742    .text               mc_p.l(uidiv.o)
    0x0800010c   0x00000028   Code   RO         2744    .text               mc_p.l(idiv.o)
    0x08000134   0x00000022   Code   RO         2746    .text               mc_p.l(llushr.o)
    0x08000156   0x00000024   Code   RO         2748    .text               mc_p.l(memcpya.o)
    0x0800017a   0x00000024   Code   RO         2750    .text               mc_p.l(memseta.o)
    0x0800019e   0x0000000e   Code   RO         2752    .text               mc_p.l(strlen.o)
    0x080001ac   0x0000001e   Code   RO         2754    .text               mc_p.l(strncmp.o)
    0x080001ca   0x00000002   PAD
    0x080001cc   0x00000164   Code   RO         3019    .text               mf_p.l(dadd.o)
    0x08000330   0x000000d0   Code   RO         3021    .text               mf_p.l(dmul.o)
    0x08000400   0x000000f0   Code   RO         3023    .text               mf_p.l(ddiv.o)
    0x080004f0   0x00000028   Code   RO         3027    .text               mf_p.l(dflti.o)
    0x08000518   0x00000048   Code   RO         3029    .text               mf_p.l(dfixi.o)
    0x08000560   0x00000028   Code   RO         3033    .text               mf_p.l(cdrcmple.o)
    0x08000588   0x00000060   Code   RO         3093    .text               mc_p.l(uldiv.o)
    0x080005e8   0x00000020   Code   RO         3095    .text               mc_p.l(llshl.o)
    0x08000608   0x00000026   Code   RO         3097    .text               mc_p.l(llsshr.o)
    0x0800062e   0x00000002   PAD
    0x08000630   0x000000a4   Code   RO         3106    .text               mc_p.l(strtod.o)
    0x080006d4   0x00000000   Code   RO         3108    .text               mc_p.l(iusefp.o)
    0x080006d4   0x000000be   Code   RO         3109    .text               mf_p.l(depilogue.o)
    0x08000792   0x00000082   Code   RO         3115    .text               mf_p.l(drem.o)
    0x08000814   0x00000040   Code   RO         3117    .text               mf_p.l(dfixul.o)
    0x08000854   0x00000024   Code   RO         3123    .text               mc_p.l(init.o)
    0x08000878   0x0000000e   Code   RO         3126    .text               mc_p.l(isspace_c.o)
    0x08000886   0x00000002   PAD
    0x08000888   0x0000034c   Code   RO         3128    .text               mc_p.l(scanf_fp.o)
    0x08000bd4   0x00000044   Code   RO         3132    .text               mc_p.l(_sgetc.o)
    0x08000c18   0x0000007a   Code   RO         3137    .text               mc_p.l(llmul.o)
    0x08000c92   0x00000002   PAD
    0x08000c94   0x00000024   Code   RO         3139    .text               mc_p.l(ctype_c.o)
    0x08000cb8   0x0000001c   Code   RO         3142    .text               mf_p.l(dfltul.o)
    0x08000cd4   0x00000038   Code   RO         3144    .text               mf_p.l(d2f.o)
    0x08000d0c   0x00000082   Code   RO         3146    .text               mf_p.l(fepilogue.o)
    0x08000d8e   0x00000056   Code   RO         3156    .text               mc_p.l(__dczerorl2.o)
    0x08000de4   0x00000030   Code   RO          414    i.CHANGE_UART_PINS  usart.o
    0x08000e14   0x00000002   Code   RO          138    i.Error_Handler     main.o
    0x08000e16   0x00000048   Code   RO         2206    i.HAL_DMA_Abort_IT  stm32f0xx_hal_dma.o
    0x08000e5e   0x0000001c   Code   RO         1547    i.HAL_Delay         stm32f0xx_hal.o
    0x08000e7a   0x00000002   PAD
    0x08000e7c   0x000000d4   Code   RO         2141    i.HAL_GPIO_DeInit   stm32f0xx_hal_gpio.o
    0x08000f50   0x00000148   Code   RO         2144    i.HAL_GPIO_Init     stm32f0xx_hal_gpio.o
    0x08001098   0x0000000c   Code   RO         2148    i.HAL_GPIO_WritePin  stm32f0xx_hal_gpio.o
    0x080010a4   0x0000000c   Code   RO         1551    i.HAL_GetTick       stm32f0xx_hal.o
    0x080010b0   0x00000010   Code   RO         1555    i.HAL_IncTick       stm32f0xx_hal.o
    0x080010c0   0x00000020   Code   RO         1556    i.HAL_Init          stm32f0xx_hal.o
    0x080010e0   0x00000022   Code   RO         1557    i.HAL_InitTick      stm32f0xx_hal.o
    0x08001102   0x00000002   PAD
    0x08001104   0x00000028   Code   RO          519    i.HAL_MspInit       stm32f0xx_hal_msp.o
    0x0800112c   0x00000014   Code   RO         2300    i.HAL_NVIC_DisableIRQ  stm32f0xx_hal_cortex.o
    0x08001140   0x00000014   Code   RO         2301    i.HAL_NVIC_EnableIRQ  stm32f0xx_hal_cortex.o
    0x08001154   0x00000008   Code   RO         2305    i.HAL_NVIC_SetPriority  stm32f0xx_hal_cortex.o
    0x0800115c   0x000000e8   Code   RO         1512    i.HAL_RCCEx_PeriphCLKConfig  stm32f0xx_hal_rcc_ex.o
    0x08001244   0x0000012c   Code   RO         1419    i.HAL_RCC_ClockConfig  stm32f0xx_hal_rcc.o
    0x08001370   0x0000000c   Code   RO         1424    i.HAL_RCC_GetHCLKFreq  stm32f0xx_hal_rcc.o
    0x0800137c   0x00000020   Code   RO         1426    i.HAL_RCC_GetPCLK1Freq  stm32f0xx_hal_rcc.o
    0x0800139c   0x00000078   Code   RO         1427    i.HAL_RCC_GetSysClockFreq  stm32f0xx_hal_rcc.o
    0x08001414   0x00000354   Code   RO         1430    i.HAL_RCC_OscConfig  stm32f0xx_hal_rcc.o
    0x08001768   0x000000b8   Code   RO          695    i.HAL_SPI_Init      stm32f0xx_hal_spi.o
    0x08001820   0x0000005c   Code   RO          377    i.HAL_SPI_MspInit   spi.o
    0x0800187c   0x00000030   Code   RO         2309    i.HAL_SYSTICK_Config  stm32f0xx_hal_cortex.o
    0x080018ac   0x0000003e   Code   RO         1074    i.HAL_UART_DeInit   stm32f0xx_hal_uart.o
    0x080018ea   0x00000002   Code   RO         1075    i.HAL_UART_ErrorCallback  stm32f0xx_hal_uart.o
    0x080018ec   0x00000114   Code   RO         1078    i.HAL_UART_IRQHandler  stm32f0xx_hal_uart.o
    0x08001a00   0x0000006c   Code   RO         1079    i.HAL_UART_Init     stm32f0xx_hal_uart.o
    0x08001a6c   0x0000003c   Code   RO          415    i.HAL_UART_MspDeInit  usart.o
    0x08001aa8   0x0000007c   Code   RO          416    i.HAL_UART_MspInit  usart.o
    0x08001b24   0x00000088   Code   RO         1084    i.HAL_UART_Receive_IT  stm32f0xx_hal_uart.o
    0x08001bac   0x00000002   Code   RO          139    i.HAL_UART_RxCpltCallback  main.o
    0x08001bae   0x00000002   PAD
    0x08001bb0   0x000000e0   Code   RO         1087    i.HAL_UART_Transmit  stm32f0xx_hal_uart.o
    0x08001c90   0x00000002   Code   RO          140    i.HAL_UART_TxCpltCallback  main.o
    0x08001c92   0x00000002   Code   RO          465    i.HardFault_Handler  stm32f0xx_it.o
    0x08001c94   0x00000070   Code   RO          356    i.MX_GPIO_Init      gpio.o
    0x08001d04   0x0000004c   Code   RO          378    i.MX_SPI1_Init      spi.o
    0x08001d50   0x00000038   Code   RO          417    i.MX_USART1_UART_Init  usart.o
    0x08001d88   0x00000002   Code   RO          466    i.NMI_Handler       stm32f0xx_it.o
    0x08001d8a   0x00000002   PAD
    0x08001d8c   0x00000044   Code   RO         2311    i.NVIC_SetPriority  stm32f0xx_hal_cortex.o
    0x08001dd0   0x00000002   Code   RO          467    i.PendSV_Handler    stm32f0xx_it.o
    0x08001dd2   0x00000002   PAD
    0x08001dd4   0x00000090   Code   RO           19    i.SEGGER_RTT_Write  segger_rtt.o
    0x08001e64   0x0000001e   Code   RO           20    i.SEGGER_RTT_WriteString  segger_rtt.o
    0x08001e82   0x00000002   Code   RO          468    i.SVC_Handler       stm32f0xx_it.o
    0x08001e84   0x00000008   Code   RO          469    i.SysTick_Handler   stm32f0xx_it.o
    0x08001e8c   0x00000052   Code   RO          141    i.SystemClock_Config  main.o
    0x08001ede   0x00000002   PAD
    0x08001ee0   0x0000005c   Code   RO         2664    i.SystemInit        system_stm32f0xx.o
    0x08001f3c   0x000000ca   Code   RO         1092    i.UART_AdvFeatureConfig  stm32f0xx_hal_uart.o
    0x08002006   0x00000012   Code   RO         1093    i.UART_CheckIdleState  stm32f0xx_hal_uart.o
    0x08002018   0x00000014   Code   RO         1094    i.UART_DMAAbortOnError  stm32f0xx_hal_uart.o
    0x0800202c   0x0000001e   Code   RO         1104    i.UART_EndRxTransfer  stm32f0xx_hal_uart.o
    0x0800204a   0x0000001a   Code   RO         1105    i.UART_EndTransmit_IT  stm32f0xx_hal_uart.o
    0x08002064   0x0000007a   Code   RO         1107    i.UART_Receive_IT   stm32f0xx_hal_uart.o
    0x080020de   0x00000002   PAD
    0x080020e0   0x00000114   Code   RO         1108    i.UART_SetConfig    stm32f0xx_hal_uart.o
    0x080021f4   0x00000066   Code   RO         1109    i.UART_Transmit_IT  stm32f0xx_hal_uart.o
    0x0800225a   0x00000062   Code   RO         1110    i.UART_WaitOnFlagUntilTimeout  stm32f0xx_hal_uart.o
    0x080022bc   0x00000010   Code   RO          470    i.USART1_IRQHandler  stm32f0xx_it.o
    0x080022cc   0x00000028   Code   RO         2993    i.__0sprintf        mc_p.l(printfa.o)
    0x080022f4   0x0000002e   Code   RO         3111    i.__ARM_clz         mf_p.l(depilogue.o)
    0x08002322   0x0000001a   Code   RO          594    i.__ARM_common_switch8  gps.o
    0x0800233c   0x00000010   Code   RO         3051    i.__mathlib_dbl_invalid  m_ps.l(dunder.o)
    0x0800234c   0x0000000e   Code   RO         3150    i.__scatterload_copy  mc_p.l(handlers.o)
    0x0800235a   0x00000002   Code   RO         3151    i.__scatterload_null  mc_p.l(handlers.o)
    0x0800235c   0x0000000e   Code   RO         3152    i.__scatterload_zeroinit  mc_p.l(handlers.o)
    0x0800236a   0x00000002   PAD
    0x0800236c   0x0000000c   Code   RO         3101    i.__set_errno       mc_p.l(errno.o)
    0x08002378   0x00000158   Code   RO         2998    i._fp_digits        mc_p.l(printfa.o)
    0x080024d0   0x0000000e   Code   RO         3130    i._is_digit         mc_p.l(scanf_fp.o)
    0x080024de   0x00000002   PAD
    0x080024e0   0x000006ec   Code   RO         2999    i._printf_core      mc_p.l(printfa.o)
    0x08002bcc   0x00000020   Code   RO         3000    i._printf_post_padding  mc_p.l(printfa.o)
    0x08002bec   0x0000002c   Code   RO         3001    i._printf_pre_padding  mc_p.l(printfa.o)
    0x08002c18   0x0000000a   Code   RO         3003    i._sputc            mc_p.l(printfa.o)
    0x08002c22   0x00000064   Code   RO          537    i.check_crc         gps.o
    0x08002c86   0x00000002   PAD
    0x08002c88   0x00000040   Code   RO          142    i.checkpower        main.o
    0x08002cc8   0x000000a8   Code   RO          538    i.copy_from_tmp_memory  gps.o
    0x08002d70   0x00000088   Code   RO          143    i.find              main.o
    0x08002df8   0x00000094   Code   RO         2712    i.fmod              m_ps.l(fmod.o)
    0x08002e8c   0x0000000c   Code   RO          540    i.gps_init          gps.o
    0x08002e98   0x000000b4   Code   RO          541    i.gps_process       gps.o
    0x08002f4c   0x00000160   Code   RO          145    i.init_gsm          main.o
    0x080030ac   0x00000198   Code   RO          146    i.main              main.o
    0x08003244   0x0000005c   Code   RO          147    i.my_location       main.o
    0x080032a0   0x00000022   Code   RO          543    i.parse_float_number  gps.o
    0x080032c2   0x0000000a   Code   RO          544    i.parse_lat_long    gps.o
    0x080032cc   0x0000004e   Code   RO          545    i.parse_number      gps.o
    0x0800331a   0x00000002   PAD
    0x0800331c   0x0000028c   Code   RO          546    i.parse_term        gps.o
    0x080035a8   0x0000008c   Code   RO          148    i.respons           main.o
    0x08003634   0x00000040   Code   RO          149    i.send              main.o
    0x08003674   0x00000134   Code   RO          150    i.send_socket       main.o
    0x080037a8   0x0000001c   Code   RO         2736    i.strtod            m_ps.l(strtod.o)
    0x080037c4   0x00000010   Data   RO         2665    .constdata          system_stm32f0xx.o
    0x080037d4   0x00000008   Data   RO         2666    .constdata          system_stm32f0xx.o
    0x080037dc   0x00000040   Data   RO         3140    .constdata          mc_p.l(ctype_c.o)
    0x0800381c   0x00000009   Data   RO           23    .conststring        segger_rtt.o
    0x08003825   0x00000003   PAD
    0x08003828   0x00000020   Data   RO         3148    Region$$Table       anon$$obj.o


    Execution Region RW_IRAM1 (Base: 0x20000000, Size: 0x00000c78, Max: 0x00001000, ABSOLUTE, COMPRESSED[0x000000b4])

    Base Addr    Size         Type   Attr      Idx    E Section Name        Object

    0x20000000   0x0000007c   Data   RW           24    .data               segger_rtt.o
    0x2000007c   0x00000004   PAD
    0x20000080   0x00000124   Data   RW          152    .data               main.o
    0x200001a4   0x00000004   Data   RW          420    .data               usart.o
    0x200001a8   0x00000004   Data   RW         1562    .data               stm32f0xx_hal.o
    0x200001ac   0x00000004   Data   RW         2667    .data               system_stm32f0xx.o
    0x200001b0   0x00000004   Data   RW         3102    .data               mc_p.l(errno.o)
    0x200001b4   0x00000400   Zero   RW           21    .bss                segger_rtt.o
    0x200005b4   0x00000010   Zero   RW           22    .bss                segger_rtt.o
    0x200005c4   0x00000004   PAD
    0x200005c8   0x000001d8   Zero   RW          151    .bss                main.o
    0x200007a0   0x00000064   Zero   RW          379    .bss                spi.o
    0x20000804   0x00000070   Zero   RW          419    .bss                usart.o
    0x20000874   0x00000004   PAD
    0x20000878   0x00000400   Zero   RW            1    STACK               startup_stm32f030x6.o


==============================================================================

Image component sizes


      Code (inc. data)   RO Data    RW Data    ZI Data      Debug   Object Name

       112         10          0          0          0        795   gpio.o
      1260         90          0          0          0       6193   gps.o
      1652        532          0        292        472     245071   main.o
       174          4          9        124       1040       4094   segger_rtt.o
       168         18          0          0        100       1497   spi.o
        28          8        176          0       1024        616   startup_stm32f030x6.o
       122         18          0          4          0       3483   stm32f0xx_hal.o
       164         30          0          0          0       9259   stm32f0xx_hal_cortex.o
        72          0          0          0          0       1011   stm32f0xx_hal_dma.o
       552         46          0          0          0       2702   stm32f0xx_hal_gpio.o
        40          6          0          0          0        770   stm32f0xx_hal_msp.o
      1316         94          0          0          0       4685   stm32f0xx_hal_rcc.o
       232         14          0          0          0       1280   stm32f0xx_hal_rcc_ex.o
       184          0          0          0          0       1119   stm32f0xx_hal_spi.o
      1702         34          0          0          0      10533   stm32f0xx_hal_uart.o
        32          6          0          0          0       2451   stm32f0xx_it.o
        92         14         24          4          0       1095   system_stm32f0xx.o
       288         44          0          4        112       2612   usart.o

    ----------------------------------------------------------------------
      8208        968        244        432       2756     299266   Object Totals
         0          0         32          0          0          0   (incl. Generated)
        18          0          3          4          8          0   (incl. Padding)

    ----------------------------------------------------------------------

      Code (inc. data)   RO Data    RW Data    ZI Data      Debug   Library Member Name

        16          0          0          0          0         68   dunder.o
       148          4          0          0          0         72   fmod.o
        28          0          0          0          0         72   strtod.o
        86          0          0          0          0          0   __dczerorl2.o
        68          0          0          0          0         76   _sgetc.o
        36          4         64          0          0         60   ctype_c.o
         0          0          0          0          0          0   entry.o
         0          0          0          0          0          0   entry10a.o
         0          0          0          0          0          0   entry11a.o
         8          4          0          0          0          0   entry2.o
         4          0          0          0          0          0   entry5.o
         0          0          0          0          0          0   entry7b.o
         0          0          0          0          0          0   entry8b.o
         8          4          0          0          0          0   entry9a.o
        12          6          0          4          0         60   errno.o
        30          0          0          0          0          0   handlers.o
        40          0          0          0          0         72   idiv.o
        36          8          0          0          0         68   init.o
        14          0          0          0          0         68   isspace_c.o
         0          0          0          0          0          0   iusefp.o
       122          0          0          0          0         84   llmul.o
        32          0          0          0          0         68   llshl.o
        38          0          0          0          0         68   llsshr.o
        34          0          0          0          0         68   llushr.o
        36          0          0          0          0         60   memcpya.o
        36          0          0          0          0        100   memseta.o
      2242         94          0          0          0        472   printfa.o
       858         12          0          0          0        184   scanf_fp.o
        14          0          0          0          0         60   strlen.o
        30          0          0          0          0         72   strncmp.o
       164         18          0          0          0        120   strtod.o
        44          0          0          0          0         72   uidiv.o
        96          0          0          0          0         84   uldiv.o
        40          2          0          0          0         68   cdrcmple.o
        56          0          0          0          0         68   d2f.o
       356          4          0          0          0        140   dadd.o
       240          6          0          0          0         84   ddiv.o
       236          0          0          0          0        216   depilogue.o
        72         10          0          0          0         72   dfixi.o
        64         10          0          0          0         68   dfixul.o
        40          6          0          0          0         68   dflti.o
        28          6          0          0          0         68   dfltul.o
       208          6          0          0          0         88   dmul.o
       130          0          0          0          0         84   drem.o
       130          0          0          0          0        144   fepilogue.o

    ----------------------------------------------------------------------
      5892        204         64          4          0       3296   Library Totals
        12          0          0          0          0          0   (incl. Padding)

    ----------------------------------------------------------------------

      Code (inc. data)   RO Data    RW Data    ZI Data      Debug   Library Name

       192          4          0          0          0        212   m_ps.l
      4088        150         64          4          0       1916   mc_p.l
      1600         50          0          0          0       1168   mf_p.l

    ----------------------------------------------------------------------
      5892        204         64          4          0       3296   Library Totals

    ----------------------------------------------------------------------

==============================================================================


      Code (inc. data)   RO Data    RW Data    ZI Data      Debug   

     14100       1172        308        436       2756     297938   Grand Totals
     14100       1172        308        180       2756     297938   ELF Image Totals (compressed)
     14100       1172        308        180          0          0   ROM Totals

==============================================================================

    Total RO  Size (Code + RO Data)                14408 (  14.07kB)
    Total RW  Size (RW Data + ZI Data)              3192 (   3.12kB)
    Total ROM Size (Code + RO Data + RW Data)      14588 (  14.25kB)

==============================================================================

